
Running 10 tests using 1 worker

(node:65547) Warning: The 'NO_COLOR' env is ignored due to the 'FORCE_COLOR' env being set.
(Use `node --trace-warnings ...` to show where the warning was created)
5:38:18 PM [vite] (client) [console.error] Warning: [antd: compatible] antd v5 support React is 16 ~ 18. see https://u.ant.design/v5-for-19 for compatible.
  ✓   1 tests/style-boundary-final.spec.ts:34:138 › B 1440 light zh-CN (17.7s)
5:38:35 PM [vite] (client) [console.error] Warning: [antd: compatible] antd v5 support React is 16 ~ 18. see https://u.ant.design/v5-for-19 for compatible.
  ✓   2 tests/style-boundary-final.spec.ts:34:138 › B 1440 light en-US (16.1s)
5:38:51 PM [vite] (client) [console.error] Warning: [antd: compatible] antd v5 support React is 16 ~ 18. see https://u.ant.design/v5-for-19 for compatible.
  ✓   3 tests/style-boundary-final.spec.ts:34:138 › B 1440 dark zh-CN (16.2s)
5:39:07 PM [vite] (client) [console.error] Warning: [antd: compatible] antd v5 support React is 16 ~ 18. see https://u.ant.design/v5-for-19 for compatible.
  ✓   4 tests/style-boundary-final.spec.ts:34:138 › B 1440 dark en-US (16.1s)
5:39:23 PM [vite] (client) [console.error] Warning: [antd: compatible] antd v5 support React is 16 ~ 18. see https://u.ant.design/v5-for-19 for compatible.
  ✓   5 tests/style-boundary-final.spec.ts:34:138 › B 420 light zh-CN (16.0s)
5:39:39 PM [vite] (client) [console.error] Warning: [antd: compatible] antd v5 support React is 16 ~ 18. see https://u.ant.design/v5-for-19 for compatible.
  ✓   6 tests/style-boundary-final.spec.ts:34:138 › B 420 light en-US (16.0s)
5:39:55 PM [vite] (client) [console.error] Warning: [antd: compatible] antd v5 support React is 16 ~ 18. see https://u.ant.design/v5-for-19 for compatible.
  ✓   7 tests/style-boundary-final.spec.ts:34:138 › B 420 dark zh-CN (16.4s)
5:40:11 PM [vite] (client) [console.error] Warning: [antd: compatible] antd v5 support React is 16 ~ 18. see https://u.ant.design/v5-for-19 for compatible.
  ✓   8 tests/style-boundary-final.spec.ts:34:138 › B 420 dark en-US (16.0s)
  ✓   9 tests/style-boundary-final.spec.ts:59:64 › B 1440 Sidebar and official nesting (1.2s)
  ✓  10 tests/style-boundary-final.spec.ts:59:64 › B 420 Sidebar and official nesting (1.1s)

  10 passed (2.2m)
