(!) Your Vite config uses features that are unsupported by `configLoader: 'native'`, which is planned to become the default in a future major version of Vite:
  - import "./vite-runtime-aliases" without a file extension (../../private/tmp/plugin-style-native-runtime-B/vite.config.ts:5:32). Add the file extension
Set `VITE_CONFIG_NATIVE_IGNORE_WARNING=true` to suppress this warning.
5:47:50 PM [vite] (client) Re-optimizing dependencies because vite config has changed
5:47:58 PM [vite] (client) [console.error] Warning: [antd: compatible] antd v5 support React is 16 ~ 18. see https://u.ant.design/v5-for-19 for compatible.
5:48:04 PM [vite] (client) [console.error] Warning: [antd: compatible] antd v5 support React is 16 ~ 18. see https://u.ant.design/v5-for-19 for compatible.
5:48:05 PM [vite] (client) [console.error] Warning: [antd: compatible] antd v5 support React is 16 ~ 18. see https://u.ant.design/v5-for-19 for compatible.
5:48:12 PM [vite] (client) [console.error] Warning: [antd: compatible] antd v5 support React is 16 ~ 18. see https://u.ant.design/v5-for-19 for compatible.
5:48:22 PM [vite] (client) [console.error] Warning: [antd: compatible] antd v5 support React is 16 ~ 18. see https://u.ant.design/v5-for-19 for compatible.
5:48:29 PM [vite] (client) [console.error] Warning: [antd: compatible] antd v5 support React is 16 ~ 18. see https://u.ant.design/v5-for-19 for compatible.
5:48:30 PM [vite] (client) [console.error] Warning: [antd: compatible] antd v5 support React is 16 ~ 18. see https://u.ant.design/v5-for-19 for compatible.
5:48:37 PM [vite] (client) [console.error] Warning: [antd: compatible] antd v5 support React is 16 ~ 18. see https://u.ant.design/v5-for-19 for compatible.
[
  {
    "width": 1440,
    "theme": "light",
    "locale": "zh-CN",
    "status": "PASS"
  },
  {
    "width": 1440,
    "theme": "light",
    "locale": "en-US",
    "status": "PASS"
  },
  {
    "width": 1440,
    "theme": "dark",
    "locale": "zh-CN",
    "status": "PASS"
  },
  {
    "width": 1440,
    "theme": "dark",
    "locale": "en-US",
    "status": "PASS"
  },
  {
    "width": 420,
    "theme": "light",
    "locale": "zh-CN",
    "status": "PASS"
  },
  {
    "width": 420,
    "theme": "light",
    "locale": "en-US",
    "status": "PASS"
  },
  {
    "width": 420,
    "theme": "dark",
    "locale": "zh-CN",
    "status": "PASS"
  },
  {
    "width": 420,
    "theme": "dark",
    "locale": "en-US",
    "status": "PASS"
  }
]
