
Running 1 test using 1 worker

(node:65780) Warning: The 'NO_COLOR' env is ignored due to the 'FORCE_COLOR' env being set.
(Use `node --trace-warnings ...` to show where the warning was created)
5:40:00 PM [vite] (client) [console.error] Warning: [antd: compatible] antd v5 support React is 16 ~ 18. see https://u.ant.design/v5-for-19 for compatible.
  ✘  1 tests/style-boundary-acceptance.spec.ts:34:138 › B 1440 light zh-CN (22.4s)


  1) tests/style-boundary-acceptance.spec.ts:34:138 › B 1440 light zh-CN ───────────────────────────

    Error: root/input/focus

    expect(received).toEqual(expected) // deep equality

    - Expected  - 2
    + Received  + 2

    @@ -1,13 +1,13 @@
      Object {
        "background": "rgb(255, 255, 255) none repeat scroll 0% 0% / auto padding-box border-box",
        "background-color": "rgb(255, 255, 255)",
    -   "border-color": "rgb(65, 91, 206)",
    +   "border-color": "rgb(64, 91, 206)",
        "border-radius": "12px",
        "border-style": "solid",
        "border-width": "1px",
    -   "box-shadow": "rgba(5, 88, 255, 0.06) 0px 0px 0px 1.99225px",
    +   "box-shadow": "rgba(5, 88, 255, 0.06) 0px 0px 0px 2px",
        "box-sizing": "border-box",
        "color": "rgba(0, 0, 0, 0.88)",
        "font-family": "Inter, system-ui, sans-serif",
        "font-size": "14px",
        "height": "32px",

      43 |    if(state==='hover')await host.hover();if(state==='focus')await host.focus();if(state==='active'){await host.hover();await page.mouse.down();}await page.waitForTimeout(200);const outside=await style(host);if(state==='active'){await page.mouse.move(0,0);await page.mouse.up();}
      44 |    await page.mouse.move(0,0);await page.locator('body').click({position:{x:1,y:1}});if(state==='hover')await plugin.hover();if(state==='focus')await plugin.focus();if(state==='active'){await plugin.hover();await page.mouse.down();}await page.waitForTimeout(200);const inside=await style(plugin);if(state==='active'){await page.mouse.move(0,0);await page.mouse.up();}
    > 45 |    row.comparisons.push({region,probe,state,outside,inside});expect.soft(inside,`${region}/${probe}/${state}`).toEqual(outside);
         |                                                                                                                ^
      46 |   }
      47 |  }
      48 |  await page.screenshot({path:path.join(out,'visual',scene,prefix+'-page.png'),fullPage:true});
        at /Users/yifei/Coding/AgentUICreator/apps/creator-workbench/tests/style-boundary-acceptance.spec.ts:45:112

    Error: root/fake-button/default

    expect(received).toEqual(expected) // deep equality

    - Expected  - 16
    + Received  + 16

      Object {
    -   "background": "rgb(239, 239, 239) none repeat scroll 0% 0% / auto padding-box border-box",
    -   "background-color": "rgb(239, 239, 239)",
    -   "border-color": "rgb(0, 0, 0)",
    +   "background": "rgba(0, 0, 0, 0) none repeat scroll 0% 0% / auto padding-box border-box",
    +   "background-color": "rgba(0, 0, 0, 0)",
    +   "border-color": "oklch(0.92 0.004 286.32)",
        "border-radius": "0px",
    -   "border-style": "outset",
    -   "border-width": "2px",
    +   "border-style": "solid",
    +   "border-width": "0px",
        "box-shadow": "none",
        "box-sizing": "border-box",
    -   "color": "rgb(0, 0, 0)",
    -   "font-family": "Arial",
    -   "font-size": "13.3333px",
    -   "height": "25px",
    -   "line-height": "normal",
    -   "padding": "1px 6px",
    -   "padding-bottom": "1px",
    -   "padding-left": "6px",
    -   "padding-right": "6px",
    -   "padding-top": "1px",
    -   "width": "42.6719px",
    +   "color": "rgb(25, 33, 58)",
    +   "font-family": "Inter, system-ui, sans-serif",
    +   "font-size": "16px",
    +   "height": "24px",
    +   "line-height": "24px",
    +   "padding": "0px",
    +   "padding-bottom": "0px",
    +   "padding-left": "0px",
    +   "padding-right": "0px",
    +   "padding-top": "0px",
    +   "width": "31.7656px",
      }

      43 |    if(state==='hover')await host.hover();if(state==='focus')await host.focus();if(state==='active'){await host.hover();await page.mouse.down();}await page.waitForTimeout(200);const outside=await style(host);if(state==='active'){await page.mouse.move(0,0);await page.mouse.up();}
      44 |    await page.mouse.move(0,0);await page.locator('body').click({position:{x:1,y:1}});if(state==='hover')await plugin.hover();if(state==='focus')await plugin.focus();if(state==='active'){await plugin.hover();await page.mouse.down();}await page.waitForTimeout(200);const inside=await style(plugin);if(state==='active'){await page.mouse.move(0,0);await page.mouse.up();}
    > 45 |    row.comparisons.push({region,probe,state,outside,inside});expect.soft(inside,`${region}/${probe}/${state}`).toEqual(outside);
         |                                                                                                                ^
      46 |   }
      47 |  }
      48 |  await page.screenshot({path:path.join(out,'visual',scene,prefix+'-page.png'),fullPage:true});
        at /Users/yifei/Coding/AgentUICreator/apps/creator-workbench/tests/style-boundary-acceptance.spec.ts:45:112

    Error: owned-child/fake-button/default

    expect(received).toEqual(expected) // deep equality

    - Expected  - 16
    + Received  + 16

      Object {
    -   "background": "rgb(239, 239, 239) none repeat scroll 0% 0% / auto padding-box border-box",
    -   "background-color": "rgb(239, 239, 239)",
    -   "border-color": "rgb(0, 0, 0)",
    +   "background": "rgba(0, 0, 0, 0) none repeat scroll 0% 0% / auto padding-box border-box",
    +   "background-color": "rgba(0, 0, 0, 0)",
    +   "border-color": "oklch(0.92 0.004 286.32)",
        "border-radius": "0px",
    -   "border-style": "outset",
    -   "border-width": "2px",
    +   "border-style": "solid",
    +   "border-width": "0px",
        "box-shadow": "none",
        "box-sizing": "border-box",
    -   "color": "rgb(0, 0, 0)",
    -   "font-family": "Arial",
    -   "font-size": "13.3333px",
    -   "height": "25px",
    -   "line-height": "normal",
    -   "padding": "1px 6px",
    -   "padding-bottom": "1px",
    -   "padding-left": "6px",
    -   "padding-right": "6px",
    -   "padding-top": "1px",
    -   "width": "42.6719px",
    +   "color": "rgb(25, 33, 58)",
    +   "font-family": "Inter, system-ui, sans-serif",
    +   "font-size": "16px",
    +   "height": "24px",
    +   "line-height": "24px",
    +   "padding": "0px",
    +   "padding-bottom": "0px",
    +   "padding-left": "0px",
    +   "padding-right": "0px",
    +   "padding-top": "0px",
    +   "width": "31.7656px",
      }

      43 |    if(state==='hover')await host.hover();if(state==='focus')await host.focus();if(state==='active'){await host.hover();await page.mouse.down();}await page.waitForTimeout(200);const outside=await style(host);if(state==='active'){await page.mouse.move(0,0);await page.mouse.up();}
      44 |    await page.mouse.move(0,0);await page.locator('body').click({position:{x:1,y:1}});if(state==='hover')await plugin.hover();if(state==='focus')await plugin.focus();if(state==='active'){await plugin.hover();await page.mouse.down();}await page.waitForTimeout(200);const inside=await style(plugin);if(state==='active'){await page.mouse.move(0,0);await page.mouse.up();}
    > 45 |    row.comparisons.push({region,probe,state,outside,inside});expect.soft(inside,`${region}/${probe}/${state}`).toEqual(outside);
         |                                                                                                                ^
      46 |   }
      47 |  }
      48 |  await page.screenshot({path:path.join(out,'visual',scene,prefix+'-page.png'),fullPage:true});
        at /Users/yifei/Coding/AgentUICreator/apps/creator-workbench/tests/style-boundary-acceptance.spec.ts:45:112

    Error: standalone/input/focus

    expect(received).toEqual(expected) // deep equality

    - Expected  - 2
    + Received  + 2

    @@ -1,13 +1,13 @@
      Object {
        "background": "rgb(255, 255, 255) none repeat scroll 0% 0% / auto padding-box border-box",
        "background-color": "rgb(255, 255, 255)",
    -   "border-color": "rgb(65, 91, 206)",
    +   "border-color": "rgb(64, 91, 206)",
        "border-radius": "12px",
        "border-style": "solid",
        "border-width": "1px",
    -   "box-shadow": "rgba(5, 88, 255, 0.06) 0px 0px 0px 1.99225px",
    +   "box-shadow": "rgba(5, 88, 255, 0.06) 0px 0px 0px 2px",
        "box-sizing": "border-box",
        "color": "rgba(0, 0, 0, 0.88)",
        "font-family": "Inter, system-ui, sans-serif",
        "font-size": "14px",
        "height": "32px",

      43 |    if(state==='hover')await host.hover();if(state==='focus')await host.focus();if(state==='active'){await host.hover();await page.mouse.down();}await page.waitForTimeout(200);const outside=await style(host);if(state==='active'){await page.mouse.move(0,0);await page.mouse.up();}
      44 |    await page.mouse.move(0,0);await page.locator('body').click({position:{x:1,y:1}});if(state==='hover')await plugin.hover();if(state==='focus')await plugin.focus();if(state==='active'){await plugin.hover();await page.mouse.down();}await page.waitForTimeout(200);const inside=await style(plugin);if(state==='active'){await page.mouse.move(0,0);await page.mouse.up();}
    > 45 |    row.comparisons.push({region,probe,state,outside,inside});expect.soft(inside,`${region}/${probe}/${state}`).toEqual(outside);
         |                                                                                                                ^
      46 |   }
      47 |  }
      48 |  await page.screenshot({path:path.join(out,'visual',scene,prefix+'-page.png'),fullPage:true});
        at /Users/yifei/Coding/AgentUICreator/apps/creator-workbench/tests/style-boundary-acceptance.spec.ts:45:112

    Error: standalone/fake-button/default

    expect(received).toEqual(expected) // deep equality

    - Expected  - 16
    + Received  + 16

      Object {
    -   "background": "rgb(239, 239, 239) none repeat scroll 0% 0% / auto padding-box border-box",
    -   "background-color": "rgb(239, 239, 239)",
    -   "border-color": "rgb(0, 0, 0)",
    +   "background": "rgba(0, 0, 0, 0) none repeat scroll 0% 0% / auto padding-box border-box",
    +   "background-color": "rgba(0, 0, 0, 0)",
    +   "border-color": "oklch(0.92 0.004 286.32)",
        "border-radius": "0px",
    -   "border-style": "outset",
    -   "border-width": "2px",
    +   "border-style": "solid",
    +   "border-width": "0px",
        "box-shadow": "none",
        "box-sizing": "border-box",
    -   "color": "rgb(0, 0, 0)",
    -   "font-family": "Arial",
    -   "font-size": "13.3333px",
    -   "height": "25px",
    -   "line-height": "normal",
    -   "padding": "1px 6px",
    -   "padding-bottom": "1px",
    -   "padding-left": "6px",
    -   "padding-right": "6px",
    -   "padding-top": "1px",
    -   "width": "42.6719px",
    +   "color": "rgb(25, 33, 58)",
    +   "font-family": "Inter, system-ui, sans-serif",
    +   "font-size": "16px",
    +   "height": "24px",
    +   "line-height": "24px",
    +   "padding": "0px",
    +   "padding-bottom": "0px",
    +   "padding-left": "0px",
    +   "padding-right": "0px",
    +   "padding-top": "0px",
    +   "width": "31.7656px",
      }

      43 |    if(state==='hover')await host.hover();if(state==='focus')await host.focus();if(state==='active'){await host.hover();await page.mouse.down();}await page.waitForTimeout(200);const outside=await style(host);if(state==='active'){await page.mouse.move(0,0);await page.mouse.up();}
      44 |    await page.mouse.move(0,0);await page.locator('body').click({position:{x:1,y:1}});if(state==='hover')await plugin.hover();if(state==='focus')await plugin.focus();if(state==='active'){await plugin.hover();await page.mouse.down();}await page.waitForTimeout(200);const inside=await style(plugin);if(state==='active'){await page.mouse.move(0,0);await page.mouse.up();}
    > 45 |    row.comparisons.push({region,probe,state,outside,inside});expect.soft(inside,`${region}/${probe}/${state}`).toEqual(outside);
         |                                                                                                                ^
      46 |   }
      47 |  }
      48 |  await page.screenshot({path:path.join(out,'visual',scene,prefix+'-page.png'),fullPage:true});
        at /Users/yifei/Coding/AgentUICreator/apps/creator-workbench/tests/style-boundary-acceptance.spec.ts:45:112

    attachment #1: screenshot (image/png) ──────────────────────────────────────────────────────────
    test-results/style-acceptance-current/style-boundary-acceptance-B-1440-light-zh-CN/test-failed-1.png
    ────────────────────────────────────────────────────────────────────────────────────────────────

    Error Context: test-results/style-acceptance-current/style-boundary-acceptance-B-1440-light-zh-CN/error-context.md

    Error Context: test-results/style-acceptance-current/style-boundary-acceptance-B-1440-light-zh-CN/error-context.md

  1 failed
    tests/style-boundary-acceptance.spec.ts:34:138 › B 1440 light zh-CN ────────────────────────────
undefined
/Users/yifei/Coding/AgentUICreator/apps/creator-workbench:
[ERR_PNPM_RECURSIVE_EXEC_FIRST_FAIL] Command failed with exit code 1: playwright test -c playwright.style-acceptance.config.ts --grep 'B 1440 light zh-CN'
