
> @agent-ui/creator-host-sandbox@0.1.0 build
> tsc --noEmit && vite build

(!) Your Vite config uses features that are unsupported by `configLoader: 'native'`, which is planned to become the default in a future major version of Vite:
  - import "./vite-runtime-aliases" without a file extension (vite.config.ts:5:32). Add the file extension
Set `VITE_CONFIG_NATIVE_IGNORE_WARNING=true` to suppress this warning.
vite v8.3.0 building client environment for production...
transforming...
✓ 5236 modules transformed.
rendering chunks...
computing gzip size...
dist/index.html                                    1.38 kB │ gzip:   0.47 kB
dist/assets/definition-4QIysg6V.css                0.89 kB │ gzip:   0.42 kB
dist/assets/composable-thread-CcdakA0V.css         0.96 kB │ gzip:   0.33 kB
dist/assets/definition-CKHneGlK.css                1.01 kB │ gzip:   0.39 kB
dist/assets/definition-BZQDiHcN.css                1.07 kB │ gzip:   0.46 kB
dist/assets/definition-Z4lhdSEi.css                1.92 kB │ gzip:   0.53 kB
dist/assets/plugins-rPzCi-Bb.css                   5.80 kB │ gzip:   1.50 kB
dist/assets/index-B6K-f4lF.css                   168.45 kB │ gzip:  24.68 kB
dist/assets/agent-ui-locale-DiJqumUk.js            0.03 kB │ gzip:   0.05 kB
dist/assets/theme-config-DxQybds_.js               0.05 kB │ gzip:   0.07 kB
dist/assets/theme-contract-B_bDciBf.js             0.20 kB │ gzip:   0.15 kB
dist/assets/data-source-BjGsISWZ.js                0.28 kB │ gzip:   0.17 kB
dist/assets/composer-triggers-D0gt51Pq.js          0.45 kB │ gzip:   0.30 kB
dist/assets/definition-nnhdrV3P.js                 0.68 kB │ gzip:   0.40 kB
dist/assets/definition-D0hFp23l.js                 0.68 kB │ gzip:   0.41 kB
dist/assets/definition-BxYXG9NP.js                 0.70 kB │ gzip:   0.41 kB
dist/assets/definition-BTP8PARa.js                 0.71 kB │ gzip:   0.41 kB
dist/assets/definition-CmfBalf-.js                 0.75 kB │ gzip:   0.45 kB
dist/assets/definition-UyX9NMie.js                 0.75 kB │ gzip:   0.45 kB
dist/assets/definition-B0mw4jif.js                 0.77 kB │ gzip:   0.43 kB
dist/assets/definition-DyIiYhCJ.js                 0.78 kB │ gzip:   0.45 kB
dist/assets/definition-Cb0fJTwr.js                 0.79 kB │ gzip:   0.47 kB
dist/assets/definition-Dn2kOmXX.js                 0.81 kB │ gzip:   0.49 kB
dist/assets/definition-rXpiRZ4o.js                 0.81 kB │ gzip:   0.47 kB
dist/assets/definition-B9coJpM1.js                 0.84 kB │ gzip:   0.47 kB
dist/assets/definition-Bp6BvH1F.js                 0.86 kB │ gzip:   0.49 kB
dist/assets/definition-LlhqHigg.js                 0.87 kB │ gzip:   0.50 kB
dist/assets/definition-C06bIfyv.js                 0.90 kB │ gzip:   0.51 kB
dist/assets/definition-C4zBx8NX.js                 0.91 kB │ gzip:   0.57 kB
dist/assets/definition-DS2uf3g5.js                 0.94 kB │ gzip:   0.51 kB
dist/assets/definition-eS-zRqM-.js                 0.96 kB │ gzip:   0.59 kB
dist/assets/definition-DqvlLIXl.js                 0.97 kB │ gzip:   0.53 kB
dist/assets/definition-DdOw3289.js                 0.98 kB │ gzip:   0.58 kB
dist/assets/definition-CtxAPUDD.js                 1.02 kB │ gzip:   0.64 kB
dist/assets/definition-BFRT1CzK.js                 1.02 kB │ gzip:   0.61 kB
dist/assets/definition-CCWTBYPu.js                 1.02 kB │ gzip:   0.48 kB
dist/assets/definition-C5puNCuH.js                 1.06 kB │ gzip:   0.64 kB
dist/assets/definition-YBlI7xK4.js                 1.23 kB │ gzip:   0.61 kB
dist/assets/definition-WoK7t8Jf.js                 1.74 kB │ gzip:   0.86 kB
dist/assets/ui-plugin-DaQuDOdX.js                  4.35 kB │ gzip:   1.65 kB
dist/assets/definition-0HRhdvkz.js                 5.00 kB │ gzip:   1.98 kB
dist/assets/assistant-ui-composer-DM6dXutZ.js      6.42 kB │ gzip:   2.25 kB
dist/assets/locale-registry-DVyyK_AF.js            6.48 kB │ gzip:   2.86 kB
dist/assets/definition-cfdAjIU_.js                 8.50 kB │ gzip:   2.62 kB
dist/assets/locale-CvcvhG4b.js                    29.98 kB │ gzip:  12.03 kB
dist/assets/plugins-DnhWGLPM.js                   53.55 kB │ gzip:  14.76 kB
dist/assets/schemas-Ds4VzcoM.js                   95.32 kB │ gzip:  26.78 kB
dist/assets/public-6cpX7okM.js                    95.43 kB │ gzip:  30.45 kB
dist/assets/lexical-taHOqp5H.js                  230.95 kB │ gzip:  73.72 kB
dist/assets/composable-thread-DsXNAXFm.js        724.89 kB │ gzip: 223.11 kB
dist/assets/index-BTwI7ZWr.js                  1,123.98 kB │ gzip: 321.68 kB

✓ built in 495ms
[plugin builtin:vite-reporter] 
(!) Some chunks are larger than 500 kB after minification. Consider:
- Using dynamic import() to code-split the application
- Use build.rolldownOptions.output.codeSplitting to improve chunking: https://rolldown.rs/reference/OutputOptions.codeSplitting
- Adjust chunk size limit for this warning via build.chunkSizeWarningLimit.
