Progress: resolved 1, reused 0, downloaded 0, added 0
Packages: +309
++++++++++++++++++++++++++++++++++++++++++++++++++++++++++++++++++++++++++++++++
Packages are copied from the content-addressable store to the virtual store.
  Content-addressable store is at: /Users/yifei/Library/pnpm/store/v11
  Virtual store is at:             node_modules/.pnpm
Progress: resolved 398, reused 309, downloaded 0, added 51
Progress: resolved 398, reused 309, downloaded 0, added 300
Progress: resolved 398, reused 309, downloaded 0, added 309, done
[WARN] Issues with peer dependencies found. Run "pnpm peers check" to list them.

dependencies:
+ @agent-ui/plugins 0.1.0
+ @agent-ui/react 0.1.2
+ @agent-ui/runtime-conversation 0.1.0
+ @agent-ui/runtime-core 0.1.0
+ @agent-ui/runtime-react 0.1.1
+ @assistant-ui/react-lexical 0.2.15
+ @lexical/history 0.51.0 (0.52.0 is available)
+ @lexical/plain-text 0.51.0 (0.52.0 is available)
+ @lexical/react 0.51.0 (0.52.0 is available)
+ @lexical/utils 0.51.0 (0.52.0 is available)
+ lexical 0.51.0 (0.52.0 is available)
+ lucide-react 1.41.0 (1.52.0 is available)
+ react 19.3.0
+ react-dom 19.3.0
+ zod 4.6.5

devDependencies:
+ @tailwindcss/vite 4.3.3
+ @types/node 20.19.43 (26.6.4 is available)
+ @types/react 19.3.0
+ @types/react-dom 19.3.0
+ @vitejs/plugin-react 6.1.2
+ tailwindcss 4.3.3
+ tsx 4.20.6 (4.23.15 is available)
+ typescript 7.0.2
+ vite 8.3.3

Done in 2.7s using pnpm v11.24.0
