vite v8.3.3 building client environment for production...
transforming...
✓ 4075 modules transformed.
rendering chunks...
computing gzip size...
dist/index.html                                  1.09 kB │ gzip:   0.33 kB
dist/assets/definition-CdG2VptP.css              0.47 kB │ gzip:   0.24 kB
dist/assets/definition-4QIysg6V.css              0.89 kB │ gzip:   0.42 kB
dist/assets/composable-thread-CcdakA0V.css       0.96 kB │ gzip:   0.33 kB
dist/assets/definition-CKHneGlK.css              1.01 kB │ gzip:   0.39 kB
dist/assets/plugins-DAjC1f1J.css                 5.80 kB │ gzip:   1.50 kB
dist/assets/index-Qxd9e4Hv.css                 187.69 kB │ gzip:  25.69 kB
dist/assets/agent-ui-locale-DiJqumUk.js          0.03 kB │ gzip:   0.05 kB
dist/assets/theme-config-D8FMFfLh.js             0.05 kB │ gzip:   0.07 kB
dist/assets/theme-contract-B_bDciBf.js           0.20 kB │ gzip:   0.15 kB
dist/assets/data-source-BjGsISWZ.js              0.28 kB │ gzip:   0.17 kB
dist/assets/composer-triggers-D0gt51Pq.js        0.45 kB │ gzip:   0.30 kB
dist/assets/definition-Bw1xVL2T.js               0.68 kB │ gzip:   0.40 kB
dist/assets/definition-D1V1TiPB.js               0.68 kB │ gzip:   0.41 kB
dist/assets/definition-DloMbHvl.js               0.70 kB │ gzip:   0.41 kB
dist/assets/definition-CP6WVZ0b.js               0.71 kB │ gzip:   0.41 kB
dist/assets/definition-FQ9m-6gs.js               0.75 kB │ gzip:   0.45 kB
dist/assets/definition-DvDmO7Jn.js               0.75 kB │ gzip:   0.45 kB
dist/assets/definition-BvC8-x2e.js               0.77 kB │ gzip:   0.43 kB
dist/assets/definition-DwWFclOd.js               0.78 kB │ gzip:   0.45 kB
dist/assets/definition-C2X2j4V9.js               0.79 kB │ gzip:   0.47 kB
dist/assets/definition-C2KXHnnT.js               0.80 kB │ gzip:   0.47 kB
dist/assets/definition-x0cenT1w.js               0.81 kB │ gzip:   0.49 kB
dist/assets/definition-DWSdxp91.js               0.85 kB │ gzip:   0.47 kB
dist/assets/definition-2LXeZ1ZK.js               0.86 kB │ gzip:   0.49 kB
dist/assets/definition-NmN8CNJm.js               0.87 kB │ gzip:   0.50 kB
dist/assets/definition-CDAWs6bu.js               0.90 kB │ gzip:   0.51 kB
dist/assets/definition-C-4dfm8X.js               0.94 kB │ gzip:   0.51 kB
dist/assets/definition-DKAY4RI7.js               0.96 kB │ gzip:   0.59 kB
dist/assets/definition-DnrDQ75u.js               0.97 kB │ gzip:   0.52 kB
dist/assets/definition-CGeQCC9v.js               0.98 kB │ gzip:   0.58 kB
dist/assets/definition-DvYNRdl1.js               1.02 kB │ gzip:   0.60 kB
dist/assets/definition-C7hN9IT2.js               1.02 kB │ gzip:   0.48 kB
dist/assets/definition-uKmlZh51.js               1.06 kB │ gzip:   0.64 kB
dist/assets/definition-CaiwiTzS.js               1.23 kB │ gzip:   0.61 kB
dist/assets/ui-plugin-DaQuDOdX.js                4.35 kB │ gzip:   1.65 kB
dist/assets/definition-0UYLNeXa.js               4.59 kB │ gzip:   1.87 kB
dist/assets/locale-registry-DXrTJfrS.js          6.39 kB │ gzip:   2.83 kB
dist/assets/assistant-ui-composer-zmVxx4yi.js    6.42 kB │ gzip:   2.25 kB
dist/assets/definition-Buddp8Y2.js               6.99 kB │ gzip:   2.22 kB
dist/assets/locale-DWksTZd0.js                  28.24 kB │ gzip:  11.38 kB
dist/assets/plugins-DWjUNY_c.js                 52.66 kB │ gzip:  14.51 kB
dist/assets/schemas-Ds4VzcoM.js                 95.32 kB │ gzip:  26.78 kB
dist/assets/public-DyJMJk6k.js                  96.91 kB │ gzip:  31.25 kB
dist/assets/lexical-CuhJlsGL.js                230.95 kB │ gzip:  73.72 kB
dist/assets/composable-thread-Dt0Eeyc9.js      716.16 kB │ gzip: 220.42 kB
dist/assets/index-Bi6MWMUo.js                  830.64 kB │ gzip: 221.97 kB

✓ built in 577ms
[plugin builtin:vite-reporter]
(!) Some chunks are larger than 500 kB after minification. Consider:
- Using dynamic import() to code-split the application
- Use build.rolldownOptions.output.codeSplitting to improve chunking: https://rolldown.rs/reference/OutputOptions.codeSplitting
- Adjust chunk size limit for this warning via build.chunkSizeWarningLimit.
