package: @agent-ui/runtime-react@0.1.1
Tarball Contents
dist/index.d.ts
dist/index.d.ts.map
dist/index.js
dist/index.js.map
dist/layout/layout.css
dist/layout/LayoutRenderer.d.ts
dist/layout/LayoutRenderer.d.ts.map
dist/layout/LayoutRenderer.js
dist/layout/LayoutRenderer.js.map
dist/layout/panelDimension.d.ts
dist/layout/panelDimension.d.ts.map
dist/layout/panelDimension.js
dist/layout/panelDimension.js.map
dist/layout/types.d.ts
dist/layout/types.d.ts.map
dist/layout/types.js
dist/layout/types.js.map
package.json
Tarball Details
/private/var/folders/bl/0_1mpzdj25sf3c0vh6qmc3qc0000gn/T/sidebar-package-consumer-2Ok1Mg/archives/runtime-react.tgz
