package: @agent-ui/plugins@0.1.0
Tarball Contents
dist/assistant-ui-composer/index.d.ts
dist/assistant-ui-composer/index.js
dist/build-provenance.json
dist/types/framework/contracts/agent-ui-mode.d.ts
dist/types/framework/contracts/agent-ui-project.d.ts
dist/types/framework/contracts/agent-ui-workspace.d.ts
dist/types/framework/contracts/app-ui-compiler.d.ts
dist/types/framework/contracts/app-ui-composition.d.ts
dist/types/framework/contracts/app-ui-model.d.ts
dist/types/framework/contracts/app-ui-runtime-model.d.ts
dist/types/framework/contracts/custom-event-protocol.d.ts
dist/types/framework/contracts/data-message-ui.d.ts
dist/types/framework/contracts/index.d.ts
dist/types/framework/contracts/panel-dimension.d.ts
dist/types/framework/contracts/ui-plugin.d.ts
dist/types/plugins/assistant-ui-composer/definition.d.ts
dist/types/plugins/assistant-ui-composer/index.d.ts
package.json
Tarball Details
/private/var/folders/bl/0_1mpzdj25sf3c0vh6qmc3qc0000gn/T/sidebar-package-consumer-2Ok1Mg/archives/plugins.tgz
