package: @agent-ui/runtime-core@0.1.0
Tarball Contents
dist/agent-application-event.d.ts
dist/agent-application-event.d.ts.map
dist/agent-application-event.js
dist/agent-application-event.js.map
dist/agent-conversation.d.ts
dist/agent-conversation.d.ts.map
dist/agent-conversation.js
dist/agent-conversation.js.map
dist/agent-execution.d.ts
dist/agent-execution.d.ts.map
dist/agent-execution.js
dist/agent-execution.js.map
dist/agent-frontend-tool.d.ts
dist/agent-frontend-tool.d.ts.map
dist/agent-frontend-tool.js
dist/agent-frontend-tool.js.map
dist/agent-input.d.ts
dist/agent-input.d.ts.map
dist/agent-input.js
dist/agent-input.js.map
dist/agent-interrupt.d.ts
dist/agent-interrupt.d.ts.map
dist/agent-interrupt.js
dist/agent-interrupt.js.map
dist/agent-message.d.ts
dist/agent-message.d.ts.map
dist/agent-message.js
dist/agent-message.js.map
dist/agent-producer.d.ts
dist/agent-producer.d.ts.map
dist/agent-producer.js
dist/agent-producer.js.map
dist/agent-run.d.ts
dist/agent-run.d.ts.map
dist/agent-run.js
dist/agent-run.js.map
dist/agent-runtime.d.ts
dist/agent-runtime.d.ts.map
dist/agent-runtime.js
dist/agent-runtime.js.map
dist/agent-transport.d.ts
dist/agent-transport.d.ts.map
dist/agent-transport.js
dist/agent-transport.js.map
dist/agent-turn.d.ts
dist/agent-turn.d.ts.map
dist/agent-turn.js
dist/agent-turn.js.map
dist/directive.d.ts
dist/directive.d.ts.map
dist/directive.js
dist/directive.js.map
dist/frontend-tool.d.ts
dist/frontend-tool.d.ts.map
dist/frontend-tool.js
dist/frontend-tool.js.map
dist/index.d.ts
dist/index.d.ts.map
dist/index.js
dist/index.js.map
dist/observable-agent-transport.d.ts
dist/observable-agent-transport.d.ts.map
dist/observable-agent-transport.js
dist/observable-agent-transport.js.map
dist/testing/index.d.ts
dist/testing/index.d.ts.map
dist/testing/index.js
dist/testing/index.js.map
dist/testing/mock-agent-transport.d.ts
dist/testing/mock-agent-transport.d.ts.map
dist/testing/mock-agent-transport.js
dist/testing/mock-agent-transport.js.map
package.json
Tarball Details
/private/var/folders/bl/0_1mpzdj25sf3c0vh6qmc3qc0000gn/T/sidebar-package-consumer-2Ok1Mg/archives/runtime-core.tgz
