
Running 32 tests using 2 workers

(node:77471) Warning: The 'NO_COLOR' env is ignored due to the 'FORCE_COLOR' env being set.
(Use `node --trace-warnings ...` to show where the warning was created)
(node:77470) Warning: The 'NO_COLOR' env is ignored due to the 'FORCE_COLOR' env being set.
(Use `node --trace-warnings ...` to show where the warning was created)
  ✓   1 tests/style-boundary-acceptance.spec.ts:36:138 › C 1440 light zh-CN (30.0s)
6:33:20 PM [vite] (client) [console.error] Warning: [antd: compatible] antd v5 support React is 16 ~ 18. see https://u.ant.design/v5-for-19 for compatible.
  ✓   2 tests/style-boundary-acceptance.spec.ts:36:138 › B 1440 light zh-CN (35.2s)
  ✓   3 tests/style-boundary-acceptance.spec.ts:36:138 › C 1440 light en-US (28.1s)
6:33:53 PM [vite] (client) [console.error] Warning: [antd: compatible] antd v5 support React is 16 ~ 18. see https://u.ant.design/v5-for-19 for compatible.
  ✓   4 tests/style-boundary-acceptance.spec.ts:36:138 › B 1440 light en-US (33.3s)
  ✓   5 tests/style-boundary-acceptance.spec.ts:36:138 › C 1440 dark zh-CN (28.3s)
6:34:27 PM [vite] (client) [console.error] Warning: [antd: compatible] antd v5 support React is 16 ~ 18. see https://u.ant.design/v5-for-19 for compatible.
  ✓   6 tests/style-boundary-acceptance.spec.ts:36:138 › B 1440 dark zh-CN (33.6s)
  ✓   7 tests/style-boundary-acceptance.spec.ts:36:138 › C 1440 dark en-US (28.4s)
6:35:00 PM [vite] (client) [console.error] Warning: [antd: compatible] antd v5 support React is 16 ~ 18. see https://u.ant.design/v5-for-19 for compatible.
  ✓   8 tests/style-boundary-acceptance.spec.ts:36:138 › B 1440 dark en-US (33.5s)
  ✓   9 tests/style-boundary-acceptance.spec.ts:36:138 › C 420 light zh-CN (28.1s)
6:35:33 PM [vite] (client) [console.error] Warning: [antd: compatible] antd v5 support React is 16 ~ 18. see https://u.ant.design/v5-for-19 for compatible.
  ✓  10 tests/style-boundary-acceptance.spec.ts:36:138 › B 420 light zh-CN (33.1s)
  ✓  11 tests/style-boundary-acceptance.spec.ts:36:138 › C 420 light en-US (27.9s)
  ✓  13 tests/style-boundary-acceptance.spec.ts:36:138 › C 420 dark zh-CN (27.9s)
6:36:07 PM [vite] (client) [console.error] Warning: [antd: compatible] antd v5 support React is 16 ~ 18. see https://u.ant.design/v5-for-19 for compatible.
  ✓  12 tests/style-boundary-acceptance.spec.ts:36:138 › B 420 light en-US (33.1s)
  ✓  14 tests/style-boundary-acceptance.spec.ts:36:138 › C 420 dark en-US (28.0s)
  ✓  16 tests/style-boundary-acceptance.spec.ts:68:64 › B 1440 Sidebar and official nesting (1.9s)
  ✓  17 tests/style-boundary-acceptance.spec.ts:68:64 › B 420 Sidebar and official nesting (2.0s)
  ✓  18 tests/style-boundary-acceptance.spec.ts:68:64 › A 1440 Sidebar and official nesting (1.8s)
6:36:40 PM [vite] (client) [console.error] Warning: [antd: compatible] antd v5 support React is 16 ~ 18. see https://u.ant.design/v5-for-19 for compatible.
  ✓  19 tests/style-boundary-acceptance.spec.ts:68:64 › A 420 Sidebar and official nesting (2.0s)
  ✓  15 tests/style-boundary-acceptance.spec.ts:36:138 › B 420 dark zh-CN (33.3s)
  ✓  20 tests/style-boundary-acceptance.spec.ts:68:64 › C 1440 Sidebar and official nesting (1.8s)
  ✓  22 tests/style-boundary-acceptance.spec.ts:68:64 › C 420 Sidebar and official nesting (2.0s)
  ✓  23 tests/style-boundary-acceptance.spec.ts:76:37 › explicit Host typography light (457ms)
  ✓  24 tests/style-boundary-acceptance.spec.ts:76:37 › explicit Host typography dark (463ms)
6:37:13 PM [vite] (client) [console.error] Warning: [antd: compatible] antd v5 support React is 16 ~ 18. see https://u.ant.design/v5-for-19 for compatible.
  ✓  21 tests/style-boundary-acceptance.spec.ts:36:138 › B 420 dark en-US (33.4s)
  ✓  25 tests/style-boundary-acceptance.spec.ts:36:138 › A 1440 light zh-CN (28.0s)
  ✓  26 tests/style-boundary-acceptance.spec.ts:36:138 › A 1440 light en-US (27.9s)
  ✓  27 tests/style-boundary-acceptance.spec.ts:36:138 › A 1440 dark zh-CN (28.0s)
  ✓  28 tests/style-boundary-acceptance.spec.ts:36:138 › A 1440 dark en-US (28.1s)
  ✓  29 tests/style-boundary-acceptance.spec.ts:36:138 › A 420 light zh-CN (28.2s)
  ✓  30 tests/style-boundary-acceptance.spec.ts:36:138 › A 420 light en-US (28.6s)
  ✓  31 tests/style-boundary-acceptance.spec.ts:36:138 › A 420 dark zh-CN (27.9s)
  ✓  32 tests/style-boundary-acceptance.spec.ts:36:138 › A 420 dark en-US (28.0s)

  32 passed (8.2m)
