
Running 8 tests using 1 worker

(node:35366) Warning: The 'NO_COLOR' env is ignored due to the 'FORCE_COLOR' env being set.
(Use `node --trace-warnings ...` to show where the warning was created)
3:05:06 PM [vite] (client) Re-optimizing dependencies because vite config has changed
3:05:08 PM [vite] (client) dependencies optimized: @base-ui/react/button, @base-ui/react/input, @base-ui/react/separator
3:05:08 PM [vite] (client) optimized dependencies changed. reloading
3:05:11 PM [vite] (client) [console.error] Warning: [antd: compatible] antd v5 support React is 16 ~ 18. see https://u.ant.design/v5-for-19 for compatible.
  ✓  1 tests/style-boundary-visual.spec.ts:48:76 › after 1440 light (5.7s)
3:05:15 PM [vite] (client) [console.error] Warning: [antd: compatible] antd v5 support React is 16 ~ 18. see https://u.ant.design/v5-for-19 for compatible.
  ✓  2 tests/style-boundary-visual.spec.ts:48:76 › after 1440 dark (3.5s)
3:05:18 PM [vite] (client) [console.error] Warning: [antd: compatible] antd v5 support React is 16 ~ 18. see https://u.ant.design/v5-for-19 for compatible.
  ✓  3 tests/style-boundary-visual.spec.ts:48:76 › after 1440 violet (3.5s)
3:05:22 PM [vite] (client) [console.error] Warning: [antd: compatible] antd v5 support React is 16 ~ 18. see https://u.ant.design/v5-for-19 for compatible.
  ✓  4 tests/style-boundary-visual.spec.ts:48:76 › after 420 light (3.6s)
3:05:25 PM [vite] (client) [console.error] Warning: [antd: compatible] antd v5 support React is 16 ~ 18. see https://u.ant.design/v5-for-19 for compatible.
  ✓  5 tests/style-boundary-visual.spec.ts:48:76 › after 420 dark (3.5s)
3:05:29 PM [vite] (client) [console.error] Warning: [antd: compatible] antd v5 support React is 16 ~ 18. see https://u.ant.design/v5-for-19 for compatible.
  ✓  6 tests/style-boundary-visual.spec.ts:48:76 › after 420 violet (3.6s)
  ✓  7 tests/style-boundary-visual.spec.ts:84:1 › records inherited typography separately from direct Reset isolation (437ms)
  ✓  8 tests/style-boundary-visual.spec.ts:101:1 › narrow Sidebar menu stays in its local overlay layer (768ms)

  8 passed (25.4s)
