[WARN] Your node_modules are out of sync with your lockfile. The workspace structure has changed since last install

Running 1 test using 1 worker

(node:24804) Warning: The 'NO_COLOR' env is ignored due to the 'FORCE_COLOR' env being set.
(Use `node --trace-warnings ...` to show where the warning was created)
2:27:03 PM [vite] (client) Re-optimizing dependencies because lockfile has changed
2:27:08 PM [vite] (client) [console.error] Warning: [antd: compatible] antd v5 support React is 16 ~ 18. see https://u.ant.design/v5-for-19 for compatible.
  ✘  1 tests/style-boundary-visual.spec.ts:41:76 › after 1440 light (9.8s)


  1) tests/style-boundary-visual.spec.ts:41:76 › after 1440 light ──────────────────────────────────

    Error: expect(locator).not.toBeVisible() failed

    Locator:  getByRole('dialog')
    Expected: not visible
    Received: visible
    Timeout:  5000ms

    Call log:
      - Expect "not toBeVisible" getByRole('dialog') with timeout 5000ms
      - waiting for getByRole('dialog')
        5 × locator resolved to <div role="dialog" aria-modal="true" aria-labelledby="_r_s_" class="ant-modal css-dev-only-do-not-override-1mwmxnu ant-zoom-appear ant-zoom-appear-active ant-zoom">…</div>
          - unexpected value "visible"
        9 × locator resolved to <div role="dialog" aria-modal="true" aria-labelledby="_r_s_" class="ant-modal css-dev-only-do-not-override-1mwmxnu">…</div>
          - unexpected value "visible"


      68 |   }
      69 |   for(const region of ['outside','inside']){
    > 70 |     const opener=page.locator('[data-probes='+region+'] [data-probe=antd-button]');await opener.click();const modal=page.getByRole('dialog');await expect(modal).toBeVisible();isolation['modal-'+region]=await styles(page.locator('[data-probe=modal-input]').filter({visible:true}));await shot('modal-'+region);await page.keyboard.press('Escape');await expect(modal).not.toBeVisible();
         |                                                                                                                                                                                                                                                                                                                                                                                 ^
      71 |   }
      72 |   expect((isolation['modal-inside'] as any).css).toEqual((isolation['modal-outside'] as any).css);states.isolation=isolation;
      73 |   await shot('isolation');
        at /Users/yifei/Coding/AgentUICreator/apps/creator-workbench/tests/style-boundary-visual.spec.ts:70:369

    attachment #1: screenshot (image/png) ──────────────────────────────────────────────────────────
    test-results/style-boundary/style-boundary-visual-after-1440-light/test-failed-1.png
    ────────────────────────────────────────────────────────────────────────────────────────────────

    Error Context: test-results/style-boundary/style-boundary-visual-after-1440-light/error-context.md

    Error Context: test-results/style-boundary/style-boundary-visual-after-1440-light/error-context.md

  1 failed
    tests/style-boundary-visual.spec.ts:41:76 › after 1440 light ───────────────────────────────────
undefined
/Users/yifei/Coding/AgentUICreator/apps/creator-workbench:
[ERR_PNPM_RECURSIVE_EXEC_FIRST_FAIL] Command failed with exit code 1: playwright test -c playwright.style-boundary.config.ts --grep '1440 light'
