$ node scripts/audit-ui-copy.mjs
{
  "parity": [
    {
      "owner": "creator",
      "locales": [
        "en-US",
        "zh-CN"
      ],
      "keys": 676
    },
    {
      "owner": "presentation",
      "locales": [
        "en-US",
        "zh-CN"
      ],
      "keys": 311
    },
    {
      "owner": "generated",
      "locales": [
        "en-US",
        "zh-CN"
      ],
      "keys": 388
    }
  ],
  "copyCandidates": 35,
  "duplicateValues": 15,
  "unusedCandidates": 55,
  "failures": []
}
