
Running 1 test using 1 worker

(node:35270) Warning: The 'NO_COLOR' env is ignored due to the 'FORCE_COLOR' env being set.
(Use `node --trace-warnings ...` to show where the warning was created)
3:04:05 PM [vite] (client) Re-optimizing dependencies because vite config has changed
3:04:06 PM [vite] (client) dependencies optimized: @base-ui/react/button, @base-ui/react/input, @base-ui/react/separator
3:04:06 PM [vite] (client) optimized dependencies changed. reloading
3:04:06 PM [vite] (client) [console.error] Invalid hook call. Hooks can only be called inside of the body of a function component. This could happen for one of the following reasons:
1. You might have mismatching versions of React and the renderer (such as React DOM)
2. You might be breaking the Rules of Hooks
3. You might have more than one copy of React in the same app
See https://react.dev/link/invalid-hook-call for tips about how to debug and fix this problem.
3:04:06 PM [vite] (client) [console.error] Invalid hook call. Hooks can only be called inside of the body of a function component. This could happen for one of the following reasons:
1. You might have mismatching versions of React and the renderer (such as React DOM)
2. You might be breaking the Rules of Hooks
3. You might have more than one copy of React in the same app
See https://react.dev/link/invalid-hook-call for tips about how to debug and fix this problem.
3:04:06 PM [vite] (client) [Unhandled error] TypeError: Cannot read properties of null (reading 'useRef')
 > exports.useRef ../../../node_modules/.pnpm/react@19.3.0/node_modules/react/cjs/react.development.js:1306:33
 > useButton ../../../node_modules/.pnpm/@base-ui+react@1.8.0_@types+react@19.3.0_react-dom@19.3.0_react@19.3.0__react@19.3.0/node_modules/@base-ui/react/internals/use-button/useButton.mjs:21:27
 > Button ../node_modules/.vite/deps/@base-ui_react_button.js?v=655ebdea:13:40
 > Object.react_stack_bottom_frame ../node_modules/.vite/deps/react-dom_client.js?v=cdccf9f3:14142:12
 > renderWithHooks ../node_modules/.vite/deps/react-dom_client.js?v=cdccf9f3:4400:19
 > updateForwardRef ../node_modules/.vite/deps/react-dom_client.js?v=cdccf9f3:5597:16
 > beginWork ../node_modules/.vite/deps/react-dom_client.js?v=cdccf9f3:6455:21
 > runWithFiberInDEV ../node_modules/.vite/deps/react-dom_client.js?v=cdccf9f3:944:66
 > performUnitOfWork ../node_modules/.vite/deps/react-dom_client.js?v=cdccf9f3:9148:92
 > workLoopSync ../node_modules/.vite/deps/react-dom_client.js?v=cdccf9f3:9044:37

3:04:06 PM [vite] (client) [console.warn] An error occurred in the <Button> component.

Consider adding an error boundary to your tree to customize error handling behavior.
Visit https://react.dev/link/error-boundaries to learn more about error boundaries.

  ✘  1 tests/style-boundary-visual.spec.ts:101:1 › narrow Sidebar menu stays in its local overlay layer (2.9s)


  1) tests/style-boundary-visual.spec.ts:101:1 › narrow Sidebar menu stays in its local overlay layer 

    Error: expect(received).toBe(expected) // Object.is equality

    Expected: true
    Received: false

      112 |   await writeFile(path.join(evidence, 'menu-layer-' + phase + '.json'), JSON.stringify(layers, null, 2));
      113 |   await page.screenshot({ path: path.join(evidence, 'screenshots', 'menu-layer-' + phase + '.png'), fullPage: true });
    > 114 |   expect(layers.opacity).toBe('1'); expect(layers.localSidebarPortal).toBe(true);
          |                                                                       ^
      115 | });
      116 |
        at /Users/yifei/Coding/AgentUICreator/apps/creator-workbench/tests/style-boundary-visual.spec.ts:114:71

    attachment #1: screenshot (image/png) ──────────────────────────────────────────────────────────
    test-results/style-boundary-menu-before/style-boundary-visual-narr-6640c--in-its-local-overlay-layer/test-failed-1.png
    ────────────────────────────────────────────────────────────────────────────────────────────────

    Error Context: test-results/style-boundary-menu-before/style-boundary-visual-narr-6640c--in-its-local-overlay-layer/error-context.md

    Error Context: test-results/style-boundary-menu-before/style-boundary-visual-narr-6640c--in-its-local-overlay-layer/error-context.md

  1 failed
    tests/style-boundary-visual.spec.ts:101:1 › narrow Sidebar menu stays in its local overlay layer 
undefined
/Users/yifei/Coding/AgentUICreator/apps/creator-workbench:
[ERR_PNPM_RECURSIVE_EXEC_FIRST_FAIL] Command failed with exit code 1: playwright test -c playwright.style-boundary.config.ts --grep 'local overlay layer' --output test-results/style-boundary-menu-before
