[WARN] Your node_modules are out of sync with your lockfile. The workspace structure has changed since last install
$ tsc -p tsconfig.build.json
[WARN] Your node_modules are out of sync with your lockfile. The workspace structure has changed since last install
$ tsc -p tsconfig.build.json && node scripts/copy-assets.mjs && node scripts/check-public-boundary.mjs && node scripts/check-lexical-boundary.mjs
@agent-ui/react public declaration boundary: OK (7 declarations)
Lexical optional facade and Source Plugin boundaries: OK
[WARN] Your node_modules are out of sync with your lockfile. The workspace structure has changed since last install
$ tsc -p tsconfig.build.json && node scripts/copy-assets.mjs && node scripts/check-public-boundary.mjs && node scripts/check-consumer-types.mjs
@agent-ui/runtime-conversation public declaration boundary: OK (9 reachable declarations)
@agent-ui/runtime-conversation published-package consumer typecheck: OK (isolated tarball install, skipLibCheck: false)
[WARN] Your node_modules are out of sync with your lockfile. The workspace structure has changed since last install
$ tsc -p tsconfig.build.json && node scripts/copy-assets.mjs
[WARN] Your node_modules are out of sync with your lockfile. The workspace structure has changed since last install
$ node scripts/build.mjs
Official package service metadata verified against reference definitions.
[WARN] Your node_modules are out of sync with your lockfile. The workspace structure has changed since last install
$ tsc -p tsconfig.build.json && node --import tsx scripts/verify-package-services.mjs
Official package service metadata verified against reference definitions.
[WARN] Your node_modules are out of sync with your lockfile. The workspace structure has changed since last install
$ tsc -p tsconfig.build.json
[WARN] Your node_modules are out of sync with your lockfile. The workspace structure has changed since last install
$ tsc -p tsconfig.build.json
[WARN] Your node_modules are out of sync with your lockfile. The workspace structure has changed since last install
$ node scripts/build.mjs
