vite v8.3.0 building client environment for production...
transforming...
✓ 3830 modules transformed.
rendering chunks...
computing gzip size...
dist/web-component.css     10.02 kB │ gzip:   2.44 kB
dist/agent-ui.es.js     2,957.02 kB │ gzip: 719.87 kB

transforming...
✓ 3830 modules transformed.
rendering chunks...
computing gzip size...
dist/web-component.css     10.02 kB │ gzip:   2.44 kB
dist/agent-ui.js        2,226.67 kB │ gzip: 632.79 kB

✓ built in 603ms
vite v8.3.0 building client environment for production...
transforming...
✓ 4 modules transformed.
rendering chunks...
computing gzip size...
dist/host.js  3.14 kB │ gzip: 1.27 kB

✓ built in 6ms
