[WARN] Your node_modules are out of sync with your lockfile. Cannot check whether dependencies are outdated
$ tsc --noEmit && vite build
(!) Your Vite config uses features that are unsupported by `configLoader: 'native'`, which is planned to become the default in a future major version of Vite:
  - import "./vite-runtime-aliases" without a file extension (vite.config.ts:5:32). Add the file extension
Set `VITE_CONFIG_NATIVE_IGNORE_WARNING=true` to suppress this warning.
vite v8.3.0 building client environment for production...
transforming...
✓ 7169 modules transformed.
rendering chunks...
computing gzip size...
dist/index.html                                    1.55 kB │ gzip:   0.50 kB
dist/assets/definition-4QIysg6V.css                0.89 kB │ gzip:   0.42 kB
dist/assets/composable-thread-CcdakA0V.css         0.96 kB │ gzip:   0.33 kB
dist/assets/definition-CKHneGlK.css                1.01 kB │ gzip:   0.39 kB
dist/assets/definition-BZQDiHcN.css                1.07 kB │ gzip:   0.46 kB
dist/assets/definition-Z4lhdSEi.css                1.92 kB │ gzip:   0.53 kB
dist/assets/definition-C3hUqfMu.css                2.24 kB │ gzip:   0.52 kB
dist/assets/plugins-rPzCi-Bb.css                   5.80 kB │ gzip:   1.50 kB
dist/assets/index-BCZxxlr_.css                   167.24 kB │ gzip:  24.39 kB
dist/assets/agent-ui-theme-C8kIjt_b.js             0.03 kB │ gzip:   0.05 kB
dist/assets/theme-config-BAxWw0ID.js               0.03 kB │ gzip:   0.05 kB
dist/assets/agent-ui-locale-DiJqumUk.js            0.03 kB │ gzip:   0.05 kB
dist/assets/theme-contract-B_bDciBf.js             0.20 kB │ gzip:   0.15 kB
dist/assets/data-source-BjGsISWZ.js                0.28 kB │ gzip:   0.17 kB
dist/assets/composer-triggers-D0gt51Pq.js          0.45 kB │ gzip:   0.30 kB
dist/assets/definition-FNzOQbAq.js                 0.75 kB │ gzip:   0.45 kB
dist/assets/definition-Dz-WAgpm.js                 0.79 kB │ gzip:   0.45 kB
dist/assets/definition-BeSJZDX5.js                 0.81 kB │ gzip:   0.48 kB
dist/assets/definition-DpDplNYS.js                 0.84 kB │ gzip:   0.49 kB
dist/assets/definition-D7ABJ0Fi.js                 0.86 kB │ gzip:   0.51 kB
dist/assets/definition-BBOS1uiO.js                 0.86 kB │ gzip:   0.51 kB
dist/assets/definition-Dj1rhvO5.js                 0.87 kB │ gzip:   0.50 kB
dist/assets/definition-CFeHmD-N.js                 0.89 kB │ gzip:   0.50 kB
dist/assets/definition-DNLyqitG.js                 0.93 kB │ gzip:   0.54 kB
dist/assets/definition-Br3LeJN0.js                 0.94 kB │ gzip:   0.56 kB
dist/assets/definition-DUGvs-rY.js                 1.01 kB │ gzip:   0.57 kB
dist/assets/definition-DkFbNDHD.js                 1.02 kB │ gzip:   0.60 kB
dist/assets/definition-6qXaAfCY.js                 1.03 kB │ gzip:   0.58 kB
dist/assets/definition-m7qBf9PS.js                 1.03 kB │ gzip:   0.60 kB
dist/assets/definition-J_NIjkn-.js                 1.06 kB │ gzip:   0.60 kB
dist/assets/definition-JlI5aq_L.js                 1.06 kB │ gzip:   0.54 kB
dist/assets/definition-5cRiCJTJ.js                 1.08 kB │ gzip:   0.67 kB
dist/assets/definition-DVcxEpHC.js                 1.13 kB │ gzip:   0.69 kB
dist/assets/definition-AGEFMC_S.js                 1.15 kB │ gzip:   0.68 kB
dist/assets/definition-BfYSk8Me.js                 1.19 kB │ gzip:   0.74 kB
dist/assets/definition-Buc9pL0v.js                 1.21 kB │ gzip:   0.63 kB
dist/assets/definition-DYWQATHS.js                 1.23 kB │ gzip:   0.62 kB
dist/assets/definition-UG_-MBuu.js                 1.34 kB │ gzip:   0.76 kB
dist/assets/createLucideIcon-VLFl3TvT.js           1.40 kB │ gzip:   0.79 kB
dist/assets/definition-BEgY2Kdo.js                 1.43 kB │ gzip:   0.61 kB
dist/assets/definition-DUFQCaTO.js                 1.53 kB │ gzip:   0.73 kB
dist/assets/definition-zLebhjOv.js                 2.84 kB │ gzip:   1.19 kB
dist/assets/jsx-dev-runtime-p48jWy_c.js            5.42 kB │ gzip:   2.32 kB
dist/assets/locale-registry-C0dhJNgZ.js            7.29 kB │ gzip:   3.25 kB
dist/assets/definition-DjnUeHQl.js                 7.49 kB │ gzip:   2.40 kB
dist/assets/definition-CyFN3v9X.js                10.13 kB │ gzip:   2.92 kB
dist/assets/react-ChF0qiIp.js                     20.86 kB │ gzip:   7.49 kB
dist/assets/locale-BDd1A9Rz.js                    48.28 kB │ gzip:  17.38 kB
dist/assets/plugins-CTwwWWbn.js                   58.83 kB │ gzip:  15.61 kB
dist/assets/assistant-ui-composer-Bv_0eUq3.js     97.63 kB │ gzip:  27.74 kB
dist/assets/public-9mor5IgS.js                    98.76 kB │ gzip:  30.83 kB
dist/assets/ui-plugin-CRe-XHC1.js                 99.62 kB │ gzip:  28.24 kB
dist/assets/definition-iay1azzc.js               220.96 kB │ gzip:  68.38 kB
dist/assets/lexical-BhwNPD5C.js                  253.06 kB │ gzip:  81.58 kB
dist/assets/composable-thread-C6ltQOxo.js        774.75 kB │ gzip: 237.10 kB
dist/assets/index-DV3AUkC1.js                  1,349.74 kB │ gzip: 388.85 kB

✓ built in 736ms
[plugin builtin:vite-reporter]
(!) Some chunks are larger than 500 kB after minification. Consider:
- Using dynamic import() to code-split the application
- Use build.rolldownOptions.output.codeSplitting to improve chunking: https://rolldown.rs/reference/OutputOptions.codeSplitting
- Adjust chunk size limit for this warning via build.chunkSizeWarningLimit.
