[WARN] Your node_modules are out of sync with your lockfile. Cannot check whether dependencies are outdated
$ tsc --noEmit && vite build
(!) Your Vite config uses features that are unsupported by `configLoader: 'native'`, which is planned to become the default in a future major version of Vite:
  - import "./vite-runtime-aliases" without a file extension (vite.config.ts:5:32). Add the file extension
Set `VITE_CONFIG_NATIVE_IGNORE_WARNING=true` to suppress this warning.
vite v8.3.0 building client environment for production...
transforming...
✓ 7170 modules transformed.
rendering chunks...
computing gzip size...
dist/index.html                                  1.46 kB │ gzip:   0.49 kB
dist/assets/definition-4QIysg6V.css              0.89 kB │ gzip:   0.42 kB
dist/assets/composable-thread-CcdakA0V.css       0.96 kB │ gzip:   0.33 kB
dist/assets/definition-CKHneGlK.css              1.01 kB │ gzip:   0.39 kB
dist/assets/definition-BZQDiHcN.css              1.07 kB │ gzip:   0.46 kB
dist/assets/definition-Z4lhdSEi.css              1.92 kB │ gzip:   0.53 kB
dist/assets/definition-BrSGjIdD.css              2.51 kB │ gzip:   0.78 kB
dist/assets/plugins-rPzCi-Bb.css                 5.80 kB │ gzip:   1.50 kB
dist/assets/index-BCZxxlr_.css                 167.24 kB │ gzip:  24.39 kB
dist/assets/agent-ui-locale-DiJqumUk.js          0.03 kB │ gzip:   0.05 kB
dist/assets/theme-config-DxQybds_.js             0.05 kB │ gzip:   0.07 kB
dist/assets/theme-contract-B_bDciBf.js           0.20 kB │ gzip:   0.15 kB
dist/assets/data-source-BjGsISWZ.js              0.28 kB │ gzip:   0.17 kB
dist/assets/composer-triggers-D0gt51Pq.js        0.45 kB │ gzip:   0.30 kB
dist/assets/definition-BELrkLcz.js               0.75 kB │ gzip:   0.45 kB
dist/assets/definition-D69H-0HM.js               0.78 kB │ gzip:   0.45 kB
dist/assets/definition-NVqx1cBr.js               0.81 kB │ gzip:   0.49 kB
dist/assets/definition-kloqQdUN.js               0.81 kB │ gzip:   0.47 kB
dist/assets/definition-CPPC2nXP.js               0.84 kB │ gzip:   0.49 kB
dist/assets/definition-DLvuWa2w.js               0.86 kB │ gzip:   0.51 kB
dist/assets/definition-C4xl9wv2.js               0.87 kB │ gzip:   0.50 kB
dist/assets/definition-DMOEOW-4.js               0.89 kB │ gzip:   0.50 kB
dist/assets/definition-DalT31EA.js               0.93 kB │ gzip:   0.54 kB
dist/assets/definition-CSv_AL93.js               0.94 kB │ gzip:   0.56 kB
dist/assets/definition-debxHoGo.js               1.01 kB │ gzip:   0.57 kB
dist/assets/definition-BJGsdbIP.js               1.02 kB │ gzip:   0.61 kB
dist/assets/definition-DBCCR7QD.js               1.03 kB │ gzip:   0.58 kB
dist/assets/definition-BQ8jxZvk.js               1.03 kB │ gzip:   0.60 kB
dist/assets/definition-DehIaCOb.js               1.06 kB │ gzip:   0.60 kB
dist/assets/definition-CoFLTctc.js               1.06 kB │ gzip:   0.54 kB
dist/assets/definition-cWSbidVG.js               1.08 kB │ gzip:   0.67 kB
dist/assets/definition-CdLWEiZP.js               1.13 kB │ gzip:   0.69 kB
dist/assets/definition-CVgG0vkT.js               1.15 kB │ gzip:   0.68 kB
dist/assets/definition-DJM9eQWK.js               1.19 kB │ gzip:   0.74 kB
dist/assets/definition-BLewWTsK.js               1.21 kB │ gzip:   0.63 kB
dist/assets/definition-D9YSSDk4.js               1.23 kB │ gzip:   0.62 kB
dist/assets/definition-B6hHmuxz.js               1.34 kB │ gzip:   0.76 kB
dist/assets/createLucideIcon-VLFl3TvT.js         1.40 kB │ gzip:   0.79 kB
dist/assets/definition-lxsKR5c_.js               1.43 kB │ gzip:   0.61 kB
dist/assets/definition-BJ-UMbab.js               1.53 kB │ gzip:   0.73 kB
dist/assets/definition-B2gwnJOf.js               2.84 kB │ gzip:   1.19 kB
dist/assets/definition-0QwLJbr_.js               5.22 kB │ gzip:   1.61 kB
dist/assets/jsx-dev-runtime-p48jWy_c.js          5.42 kB │ gzip:   2.32 kB
dist/assets/definition-CVyifkqx.js               7.49 kB │ gzip:   2.40 kB
dist/assets/locale-registry-pLxZSW9f.js          7.65 kB │ gzip:   3.41 kB
dist/assets/definition-Cg_wpvEw.js              10.12 kB │ gzip:   2.92 kB
dist/assets/react-ChF0qiIp.js                   20.86 kB │ gzip:   7.49 kB
dist/assets/locale-BDd1A9Rz.js                  48.28 kB │ gzip:  17.38 kB
dist/assets/plugins-DNQ8Ukyh.js                 58.83 kB │ gzip:  15.61 kB
dist/assets/assistant-ui-composer-Bv_0eUq3.js   97.63 kB │ gzip:  27.74 kB
dist/assets/public-9mor5IgS.js                  98.76 kB │ gzip:  30.83 kB
dist/assets/ui-plugin-CRe-XHC1.js               99.62 kB │ gzip:  28.24 kB
dist/assets/lexical-BhwNPD5C.js                253.06 kB │ gzip:  81.58 kB
dist/assets/composable-thread-C6ltQOxo.js      774.75 kB │ gzip: 237.10 kB
dist/assets/index-D1YayWpl.js                  977.41 kB │ gzip: 268.02 kB

✓ built in 674ms
[plugin builtin:vite-reporter]
(!) Some chunks are larger than 500 kB after minification. Consider:
- Using dynamic import() to code-split the application
- Use build.rolldownOptions.output.codeSplitting to improve chunking: https://rolldown.rs/reference/OutputOptions.codeSplitting
- Adjust chunk size limit for this warning via build.chunkSizeWarningLimit.
