
Running 27 tests using 1 worker

(node:48220) Warning: The 'NO_COLOR' env is ignored due to the 'FORCE_COLOR' env being set.
(Use `node --trace-warnings ...` to show where the warning was created)
4:22:25 PM [vite] (client) [optimizer] bundling dependencies...
  ✓   1 tests/style-boundary-final.spec.ts:32:138 › A 1440 light zh-CN (22.0s)
  ✓   2 tests/style-boundary-final.spec.ts:32:138 › A 1440 light en-US (15.7s)
  ✓   3 tests/style-boundary-final.spec.ts:32:138 › A 1440 dark zh-CN (15.3s)
  ✓   4 tests/style-boundary-final.spec.ts:32:138 › A 1440 dark en-US (15.6s)
  ✓   5 tests/style-boundary-final.spec.ts:32:138 › A 420 light zh-CN (17.9s)
  ✓   6 tests/style-boundary-final.spec.ts:32:138 › A 420 light en-US (16.0s)
  ✓   7 tests/style-boundary-final.spec.ts:32:138 › A 420 dark zh-CN (15.3s)
  ✓   8 tests/style-boundary-final.spec.ts:32:138 › A 420 dark en-US (14.0s)
4:24:52 PM [vite] (client) [console.error] Warning: [antd: compatible] antd v5 support React is 16 ~ 18. see https://u.ant.design/v5-for-19 for compatible.
  ✓   9 tests/style-boundary-final.spec.ts:32:138 › B 1440 light zh-CN (17.0s)
4:25:09 PM [vite] (client) [console.error] Warning: [antd: compatible] antd v5 support React is 16 ~ 18. see https://u.ant.design/v5-for-19 for compatible.
  ✓  10 tests/style-boundary-final.spec.ts:32:138 › B 1440 light en-US (17.4s)
4:25:27 PM [vite] (client) [console.error] Warning: [antd: compatible] antd v5 support React is 16 ~ 18. see https://u.ant.design/v5-for-19 for compatible.
  ✓  11 tests/style-boundary-final.spec.ts:32:138 › B 1440 dark zh-CN (17.3s)
4:25:44 PM [vite] (client) [console.error] Warning: [antd: compatible] antd v5 support React is 16 ~ 18. see https://u.ant.design/v5-for-19 for compatible.
  ✓  12 tests/style-boundary-final.spec.ts:32:138 › B 1440 dark en-US (17.0s)
4:26:02 PM [vite] (client) [console.error] Warning: [antd: compatible] antd v5 support React is 16 ~ 18. see https://u.ant.design/v5-for-19 for compatible.
  ✓  13 tests/style-boundary-final.spec.ts:32:138 › B 420 light zh-CN (18.1s)
4:26:19 PM [vite] (client) [console.error] Warning: [antd: compatible] antd v5 support React is 16 ~ 18. see https://u.ant.design/v5-for-19 for compatible.
  ✓  14 tests/style-boundary-final.spec.ts:32:138 › B 420 light en-US (17.1s)
4:26:36 PM [vite] (client) [console.error] Warning: [antd: compatible] antd v5 support React is 16 ~ 18. see https://u.ant.design/v5-for-19 for compatible.
  ✓  15 tests/style-boundary-final.spec.ts:32:138 › B 420 dark zh-CN (17.1s)
4:26:55 PM [vite] (client) [console.error] Warning: [antd: compatible] antd v5 support React is 16 ~ 18. see https://u.ant.design/v5-for-19 for compatible.
  ✓  16 tests/style-boundary-final.spec.ts:32:138 › B 420 dark en-US (18.4s)
  ✓  17 tests/style-boundary-final.spec.ts:32:138 › C 1440 light zh-CN (14.2s)
  ✓  18 tests/style-boundary-final.spec.ts:32:138 › C 1440 light en-US (14.4s)
  ✓  19 tests/style-boundary-final.spec.ts:32:138 › C 1440 dark zh-CN (15.3s)
  ✓  20 tests/style-boundary-final.spec.ts:32:138 › C 1440 dark en-US (15.2s)
  ✓  21 tests/style-boundary-final.spec.ts:32:138 › C 420 light zh-CN (14.0s)
  ✓  22 tests/style-boundary-final.spec.ts:32:138 › C 420 light en-US (14.1s)
  ✓  23 tests/style-boundary-final.spec.ts:32:138 › C 420 dark zh-CN (13.1s)
  ✓  24 tests/style-boundary-final.spec.ts:32:138 › C 420 dark en-US (13.1s)
  ✘  25 tests/style-boundary-final.spec.ts:57:34 › A Sidebar and official nesting (1.2s)
(node:49889) Warning: The 'NO_COLOR' env is ignored due to the 'FORCE_COLOR' env being set.
(Use `node --trace-warnings ...` to show where the warning was created)
  ✓  26 tests/style-boundary-final.spec.ts:57:34 › B Sidebar and official nesting (3.1s)
  ✘  27 tests/style-boundary-final.spec.ts:57:34 › C Sidebar and official nesting (1.4s)


  1) tests/style-boundary-final.spec.ts:57:34 › A Sidebar and official nesting ─────────────────────

    Error: expect(received).toEqual(expected) // deep equality

    - Expected  - 3
    + Received  + 3

    @@ -3,10 +3,10 @@
        "border-radius": "12px",
        "border-width": "1px",
        "box-sizing": "border-box",
        "color": "rgb(25, 33, 58)",
        "font-family": "Inter, system-ui, sans-serif",
    -   "font-size": "16px",
    -   "height": "36px",
    -   "line-height": "normal",
    +   "font-size": "14px",
    +   "height": "38px",
    +   "line-height": "20px",
        "padding": "8px 12px",
      }

      59 |  const outside=page.locator('[data-probes=host] [data-probe=input]');await expect(outside).toBeVisible();const host=await style(outside);
      60 |  await page.getByRole('button',{name:'备注',exact:true}).click();const sidebar=page.locator('[data-probes=sidebar] [data-probe=input]');await expect(sidebar).toBeVisible();row.comparisons.push({region:'sidebar',host,inside:await style(sidebar)});expect.soft(await style(sidebar)).toEqual(host);
    > 61 |  await page.getByTestId('official-dialog').click();const child=page.locator('[data-probes=official-child] [data-probe=input]');await expect(child).toBeVisible();row.comparisons.push({region:'official-dialog',host,inside:await style(child)});expect.soft(await style(child)).toEqual(host);
         |                                                                                                                                                                                                                                                                                  ^
      62 |  expect.soft(await child.evaluate(e=>e.hasAttribute('data-agent-ui-owned'))).toBe(false);await page.screenshot({path:path.join(out,'visual',scene+'-official-nesting.png'),fullPage:true});await page.keyboard.press('Escape');await expect(child).toBeHidden();await expect(page.getByTestId('official-dialog')).toBeFocused();row.status=test.info().errors.length?'FAIL':'PASS';
      63 | });
      64 |
        at /Users/yifei/Coding/AgentUICreator/apps/creator-workbench/tests/style-boundary-final.spec.ts:61:274

    attachment #1: screenshot (image/png) ──────────────────────────────────────────────────────────
    test-results/style-final/style-boundary-final-A-Sidebar-and-official-nesting/test-failed-1.png
    ────────────────────────────────────────────────────────────────────────────────────────────────

    Error Context: test-results/style-final/style-boundary-final-A-Sidebar-and-official-nesting/error-context.md

    Error Context: test-results/style-final/style-boundary-final-A-Sidebar-and-official-nesting/error-context.md

  2) tests/style-boundary-final.spec.ts:57:34 › C Sidebar and official nesting ─────────────────────

    Error: expect(received).toEqual(expected) // deep equality

    - Expected  - 3
    + Received  + 3

    @@ -3,10 +3,10 @@
        "border-radius": "12px",
        "border-width": "1px",
        "box-sizing": "border-box",
        "color": "rgb(25, 33, 58)",
        "font-family": "Inter, system-ui, sans-serif",
    -   "font-size": "16px",
    -   "height": "36px",
    -   "line-height": "normal",
    +   "font-size": "14px",
    +   "height": "38px",
    +   "line-height": "20px",
        "padding": "8px 12px",
      }

      59 |  const outside=page.locator('[data-probes=host] [data-probe=input]');await expect(outside).toBeVisible();const host=await style(outside);
      60 |  await page.getByRole('button',{name:'备注',exact:true}).click();const sidebar=page.locator('[data-probes=sidebar] [data-probe=input]');await expect(sidebar).toBeVisible();row.comparisons.push({region:'sidebar',host,inside:await style(sidebar)});expect.soft(await style(sidebar)).toEqual(host);
    > 61 |  await page.getByTestId('official-dialog').click();const child=page.locator('[data-probes=official-child] [data-probe=input]');await expect(child).toBeVisible();row.comparisons.push({region:'official-dialog',host,inside:await style(child)});expect.soft(await style(child)).toEqual(host);
         |                                                                                                                                                                                                                                                                                  ^
      62 |  expect.soft(await child.evaluate(e=>e.hasAttribute('data-agent-ui-owned'))).toBe(false);await page.screenshot({path:path.join(out,'visual',scene+'-official-nesting.png'),fullPage:true});await page.keyboard.press('Escape');await expect(child).toBeHidden();await expect(page.getByTestId('official-dialog')).toBeFocused();row.status=test.info().errors.length?'FAIL':'PASS';
      63 | });
      64 |
        at /Users/yifei/Coding/AgentUICreator/apps/creator-workbench/tests/style-boundary-final.spec.ts:61:274

    attachment #1: screenshot (image/png) ──────────────────────────────────────────────────────────
    test-results/style-final/style-boundary-final-C-Sidebar-and-official-nesting/test-failed-1.png
    ────────────────────────────────────────────────────────────────────────────────────────────────

    Error Context: test-results/style-final/style-boundary-final-C-Sidebar-and-official-nesting/error-context.md

    Error Context: test-results/style-final/style-boundary-final-C-Sidebar-and-official-nesting/error-context.md

  2 failed
    tests/style-boundary-final.spec.ts:57:34 › A Sidebar and official nesting ──────────────────────
    tests/style-boundary-final.spec.ts:57:34 › C Sidebar and official nesting ──────────────────────
  25 passed (6.6m)
undefined
/Users/yifei/Coding/AgentUICreator/apps/creator-workbench:
[ERR_PNPM_RECURSIVE_EXEC_FIRST_FAIL] Command failed with exit code 1: playwright test -c playwright.style-final.config.ts
