[WARN] Your node_modules are out of sync with your lockfile. Cannot check whether dependencies are outdated
$ tsc --noEmit && vite build
(!) Your Vite config uses features that are unsupported by `configLoader: 'native'`, which is planned to become the default in a future major version of Vite:
  - import "./vite-runtime-aliases" without a file extension (vite.config.ts:5:32). Add the file extension
Set `VITE_CONFIG_NATIVE_IGNORE_WARNING=true` to suppress this warning.
vite v8.3.0 building client environment for production...
transforming...
✓ 7160 modules transformed.
rendering chunks...
computing gzip size...
dist/index.html                                    1.55 kB │ gzip:   0.50 kB
dist/assets/definition-4QIysg6V.css                0.89 kB │ gzip:   0.42 kB
dist/assets/composable-thread-CcdakA0V.css         0.96 kB │ gzip:   0.33 kB
dist/assets/definition-CKHneGlK.css                1.01 kB │ gzip:   0.39 kB
dist/assets/definition-BZQDiHcN.css                1.07 kB │ gzip:   0.46 kB
dist/assets/definition-Z4lhdSEi.css                1.92 kB │ gzip:   0.53 kB
dist/assets/plugins-rPzCi-Bb.css                   5.80 kB │ gzip:   1.50 kB
dist/assets/index-BCZxxlr_.css                   167.24 kB │ gzip:  24.39 kB
dist/assets/agent-ui-theme-C8kIjt_b.js             0.03 kB │ gzip:   0.05 kB
dist/assets/theme-config-BAxWw0ID.js               0.03 kB │ gzip:   0.05 kB
dist/assets/agent-ui-locale-DiJqumUk.js            0.03 kB │ gzip:   0.05 kB
dist/assets/theme-contract-B_bDciBf.js             0.20 kB │ gzip:   0.15 kB
dist/assets/data-source-BjGsISWZ.js                0.28 kB │ gzip:   0.17 kB
dist/assets/jsx-runtime-ljD4C1F0.js                0.42 kB │ gzip:   0.29 kB
dist/assets/composer-triggers-D0gt51Pq.js          0.45 kB │ gzip:   0.30 kB
dist/assets/definition-3-dKwPZ3.js                 0.68 kB │ gzip:   0.40 kB
dist/assets/definition-DuIG2D1q.js                 0.68 kB │ gzip:   0.41 kB
dist/assets/definition-BenxbZn6.js                 0.70 kB │ gzip:   0.41 kB
dist/assets/definition-BJaAN6R2.js                 0.71 kB │ gzip:   0.41 kB
dist/assets/definition-B9RKy2R0.js                 0.75 kB │ gzip:   0.45 kB
dist/assets/definition-DnT9o3Oc.js                 0.75 kB │ gzip:   0.45 kB
dist/assets/definition-CjANxk0l.js                 0.77 kB │ gzip:   0.43 kB
dist/assets/definition-BE_ueFD9.js                 0.78 kB │ gzip:   0.45 kB
dist/assets/definition-Dyh5qc37.js                 0.79 kB │ gzip:   0.47 kB
dist/assets/definition-foSxqejc.js                 0.81 kB │ gzip:   0.56 kB
dist/assets/definition-C5mrHFXQ.js                 0.81 kB │ gzip:   0.47 kB
dist/assets/definition-CQ8ORSrl.js                 0.84 kB │ gzip:   0.48 kB
dist/assets/definition-D7ABJ0Fi.js                 0.86 kB │ gzip:   0.51 kB
dist/assets/definition-DUFBwi-K.js                 0.86 kB │ gzip:   0.49 kB
dist/assets/definition-BabPSRc-.js                 0.87 kB │ gzip:   0.50 kB
dist/assets/definition-CXCVN2r3.js                 0.90 kB │ gzip:   0.51 kB
dist/assets/definition-Dk742HyW.js                 0.91 kB │ gzip:   0.58 kB
dist/assets/definition-B5oNnE5X.js                 0.94 kB │ gzip:   0.51 kB
dist/assets/definition-Ci6EQAOy.js                 0.96 kB │ gzip:   0.60 kB
dist/assets/definition-DstzLrSN.js                 0.98 kB │ gzip:   0.59 kB
dist/assets/definition-C93bUxb8.js                 0.98 kB │ gzip:   0.53 kB
dist/assets/definition-CyrKyBuo.js                 1.02 kB │ gzip:   0.64 kB
dist/assets/definition-DYixEt6X.js                 1.02 kB │ gzip:   0.61 kB
dist/assets/definition-Bgmf1ZUu.js                 1.03 kB │ gzip:   0.49 kB
dist/assets/definition-bPLND1Mr.js                 1.06 kB │ gzip:   0.65 kB
dist/assets/definition-C9WOtvNI.js                 1.24 kB │ gzip:   0.62 kB
dist/assets/createLucideIcon-BT-Q2p9_.js           1.40 kB │ gzip:   0.79 kB
dist/assets/definition-Crg-rqhP.js                 2.08 kB │ gzip:   1.03 kB
dist/assets/definition-Cdg5NsoP.js                 5.15 kB │ gzip:   2.07 kB
dist/assets/locale-registry-CKK5RP_C.js            7.21 kB │ gzip:   3.18 kB
dist/assets/react-4k1VNc3N.js                      7.86 kB │ gzip:   3.00 kB
dist/assets/definition-ji2lFJP5.js                 8.57 kB │ gzip:   2.64 kB
dist/assets/locale-Cmb-d6lP.js                    30.02 kB │ gzip:  12.04 kB
dist/assets/plugins-hyNVylHe.js                   53.68 kB │ gzip:  14.85 kB
dist/assets/assistant-ui-composer-Dk5u77iz.js     97.63 kB │ gzip:  27.75 kB
dist/assets/public-D0w6WIHh.js                    98.35 kB │ gzip:  30.60 kB
dist/assets/ui-plugin-CRe-XHC1.js                 99.62 kB │ gzip:  28.24 kB
dist/assets/lexical-C9pUfUfw.js                  230.95 kB │ gzip:  73.72 kB
dist/assets/composable-thread-imcKsGT7.js        725.23 kB │ gzip: 222.74 kB
dist/assets/index-CS2r59lf.js                  1,296.04 kB │ gzip: 373.25 kB

✓ built in 537ms
[plugin builtin:vite-reporter]
(!) Some chunks are larger than 500 kB after minification. Consider:
- Using dynamic import() to code-split the application
- Use build.rolldownOptions.output.codeSplitting to improve chunking: https://rolldown.rs/reference/OutputOptions.codeSplitting
- Adjust chunk size limit for this warning via build.chunkSizeWarningLimit.
