
Running 6 tests using 1 worker

(node:50020) Warning: The 'NO_COLOR' env is ignored due to the 'FORCE_COLOR' env being set.
(Use `node --trace-warnings ...` to show where the warning was created)
  ✘  1 tests/style-boundary-final.spec.ts:57:64 › A 1440 Sidebar and official nesting (4.0s)
(node:50090) Warning: The 'NO_COLOR' env is ignored due to the 'FORCE_COLOR' env being set.
(Use `node --trace-warnings ...` to show where the warning was created)
  ✘  2 tests/style-boundary-final.spec.ts:57:64 › A 420 Sidebar and official nesting (3.1s)
(node:50110) Warning: The 'NO_COLOR' env is ignored due to the 'FORCE_COLOR' env being set.
(Use `node --trace-warnings ...` to show where the warning was created)
  ✓  3 tests/style-boundary-final.spec.ts:57:64 › B 1440 Sidebar and official nesting (2.5s)
  ✓  4 tests/style-boundary-final.spec.ts:57:64 › B 420 Sidebar and official nesting (997ms)
  ✘  5 tests/style-boundary-final.spec.ts:57:64 › C 1440 Sidebar and official nesting (761ms)
(node:50129) Warning: The 'NO_COLOR' env is ignored due to the 'FORCE_COLOR' env being set.
(Use `node --trace-warnings ...` to show where the warning was created)
  ✘  6 tests/style-boundary-final.spec.ts:57:64 › C 420 Sidebar and official nesting (2.5s)


  1) tests/style-boundary-final.spec.ts:57:64 › A 1440 Sidebar and official nesting ────────────────

    Error: expect(received).toEqual(expected) // deep equality

    - Expected  - 3
    + Received  + 3

    @@ -3,10 +3,10 @@
        "border-radius": "12px",
        "border-width": "1px",
        "box-sizing": "border-box",
        "color": "rgb(25, 33, 58)",
        "font-family": "Inter, system-ui, sans-serif",
    -   "font-size": "16px",
    -   "height": "36px",
    -   "line-height": "normal",
    +   "font-size": "14px",
    +   "height": "38px",
    +   "line-height": "20px",
        "padding": "8px 12px",
      }

      59 |  const outside=page.locator('[data-probes=host] [data-probe=input]');await expect(outside).toBeVisible();const host=await style(outside);
      60 |  await page.getByRole('button',{name:'备注',exact:true}).click();const sidebar=page.locator('[data-probes=sidebar] [data-probe=input]');await expect(sidebar).toBeVisible();row.comparisons.push({region:'sidebar',host,inside:await style(sidebar)});expect.soft(await style(sidebar)).toEqual(host);
    > 61 |  if(width===420){await page.keyboard.press('Escape');await expect(sidebar).toBeHidden();}await page.getByTestId('official-dialog').click();const child=page.locator('[data-probes=official-child] [data-probe=input]');await expect(child).toBeVisible();row.comparisons.push({region:'official-dialog',host,inside:await style(child)});expect.soft(await style(child)).toEqual(host);
         |                                                                                                                                                                                                                                                                                                                                                                          ^
      62 |  expect.soft(await child.evaluate(e=>e.hasAttribute('data-agent-ui-owned'))).toBe(false);await page.screenshot({path:path.join(out,'visual',scene+'-'+width+'-official-nesting.png'),fullPage:true});await page.keyboard.press('Escape');await expect(child).toBeHidden();await expect(page.getByTestId('official-dialog')).toBeFocused();row.status=test.info().errors.length?'FAIL':'PASS';
      63 | });
      64 |
        at /Users/yifei/Coding/AgentUICreator/apps/creator-workbench/tests/style-boundary-final.spec.ts:61:362

    attachment #1: screenshot (image/png) ──────────────────────────────────────────────────────────
    test-results/style-final/style-boundary-final-A-1440-Sidebar-and-official-nesting/test-failed-1.png
    ────────────────────────────────────────────────────────────────────────────────────────────────

    Error Context: test-results/style-final/style-boundary-final-A-1440-Sidebar-and-official-nesting/error-context.md

    Error Context: test-results/style-final/style-boundary-final-A-1440-Sidebar-and-official-nesting/error-context.md

  2) tests/style-boundary-final.spec.ts:57:64 › A 420 Sidebar and official nesting ─────────────────

    Error: expect(received).toEqual(expected) // deep equality

    - Expected  - 3
    + Received  + 3

    @@ -3,10 +3,10 @@
        "border-radius": "12px",
        "border-width": "1px",
        "box-sizing": "border-box",
        "color": "rgb(25, 33, 58)",
        "font-family": "Inter, system-ui, sans-serif",
    -   "font-size": "16px",
    -   "height": "36px",
    -   "line-height": "normal",
    +   "font-size": "14px",
    +   "height": "38px",
    +   "line-height": "20px",
        "padding": "8px 12px",
      }

      58 |  const row:any={scene,width,boundary:true,comparisons:[],errors:[]};rows.push(row);await page.setViewportSize({width,height:1000});await page.goto(url+`?scene=${scene}`);
      59 |  const outside=page.locator('[data-probes=host] [data-probe=input]');await expect(outside).toBeVisible();const host=await style(outside);
    > 60 |  await page.getByRole('button',{name:'备注',exact:true}).click();const sidebar=page.locator('[data-probes=sidebar] [data-probe=input]');await expect(sidebar).toBeVisible();row.comparisons.push({region:'sidebar',host,inside:await style(sidebar)});expect.soft(await style(sidebar)).toEqual(host);
         |                                                                                                                                                                                                                                                                                       ^
      61 |  if(width===420){await page.keyboard.press('Escape');await expect(sidebar).toBeHidden();}await page.getByTestId('official-dialog').click();const child=page.locator('[data-probes=official-child] [data-probe=input]');await expect(child).toBeVisible();row.comparisons.push({region:'official-dialog',host,inside:await style(child)});expect.soft(await style(child)).toEqual(host);
      62 |  expect.soft(await child.evaluate(e=>e.hasAttribute('data-agent-ui-owned'))).toBe(false);await page.screenshot({path:path.join(out,'visual',scene+'-'+width+'-official-nesting.png'),fullPage:true});await page.keyboard.press('Escape');await expect(child).toBeHidden();await expect(page.getByTestId('official-dialog')).toBeFocused();row.status=test.info().errors.length?'FAIL':'PASS';
      63 | });
        at /Users/yifei/Coding/AgentUICreator/apps/creator-workbench/tests/style-boundary-final.spec.ts:60:279

    Error: expect(received).toEqual(expected) // deep equality

    - Expected  - 3
    + Received  + 3

    @@ -3,10 +3,10 @@
        "border-radius": "12px",
        "border-width": "1px",
        "box-sizing": "border-box",
        "color": "rgb(25, 33, 58)",
        "font-family": "Inter, system-ui, sans-serif",
    -   "font-size": "16px",
    -   "height": "36px",
    -   "line-height": "normal",
    +   "font-size": "14px",
    +   "height": "38px",
    +   "line-height": "20px",
        "padding": "8px 12px",
      }

      59 |  const outside=page.locator('[data-probes=host] [data-probe=input]');await expect(outside).toBeVisible();const host=await style(outside);
      60 |  await page.getByRole('button',{name:'备注',exact:true}).click();const sidebar=page.locator('[data-probes=sidebar] [data-probe=input]');await expect(sidebar).toBeVisible();row.comparisons.push({region:'sidebar',host,inside:await style(sidebar)});expect.soft(await style(sidebar)).toEqual(host);
    > 61 |  if(width===420){await page.keyboard.press('Escape');await expect(sidebar).toBeHidden();}await page.getByTestId('official-dialog').click();const child=page.locator('[data-probes=official-child] [data-probe=input]');await expect(child).toBeVisible();row.comparisons.push({region:'official-dialog',host,inside:await style(child)});expect.soft(await style(child)).toEqual(host);
         |                                                                                                                                                                                                                                                                                                                                                                          ^
      62 |  expect.soft(await child.evaluate(e=>e.hasAttribute('data-agent-ui-owned'))).toBe(false);await page.screenshot({path:path.join(out,'visual',scene+'-'+width+'-official-nesting.png'),fullPage:true});await page.keyboard.press('Escape');await expect(child).toBeHidden();await expect(page.getByTestId('official-dialog')).toBeFocused();row.status=test.info().errors.length?'FAIL':'PASS';
      63 | });
      64 |
        at /Users/yifei/Coding/AgentUICreator/apps/creator-workbench/tests/style-boundary-final.spec.ts:61:362

    attachment #1: screenshot (image/png) ──────────────────────────────────────────────────────────
    test-results/style-final/style-boundary-final-A-420-Sidebar-and-official-nesting/test-failed-1.png
    ────────────────────────────────────────────────────────────────────────────────────────────────

    Error Context: test-results/style-final/style-boundary-final-A-420-Sidebar-and-official-nesting/error-context.md

    Error Context: test-results/style-final/style-boundary-final-A-420-Sidebar-and-official-nesting/error-context.md

  3) tests/style-boundary-final.spec.ts:57:64 › C 1440 Sidebar and official nesting ────────────────

    Error: expect(received).toEqual(expected) // deep equality

    - Expected  - 3
    + Received  + 3

    @@ -3,10 +3,10 @@
        "border-radius": "12px",
        "border-width": "1px",
        "box-sizing": "border-box",
        "color": "rgb(25, 33, 58)",
        "font-family": "Inter, system-ui, sans-serif",
    -   "font-size": "16px",
    -   "height": "36px",
    -   "line-height": "normal",
    +   "font-size": "14px",
    +   "height": "38px",
    +   "line-height": "20px",
        "padding": "8px 12px",
      }

      59 |  const outside=page.locator('[data-probes=host] [data-probe=input]');await expect(outside).toBeVisible();const host=await style(outside);
      60 |  await page.getByRole('button',{name:'备注',exact:true}).click();const sidebar=page.locator('[data-probes=sidebar] [data-probe=input]');await expect(sidebar).toBeVisible();row.comparisons.push({region:'sidebar',host,inside:await style(sidebar)});expect.soft(await style(sidebar)).toEqual(host);
    > 61 |  if(width===420){await page.keyboard.press('Escape');await expect(sidebar).toBeHidden();}await page.getByTestId('official-dialog').click();const child=page.locator('[data-probes=official-child] [data-probe=input]');await expect(child).toBeVisible();row.comparisons.push({region:'official-dialog',host,inside:await style(child)});expect.soft(await style(child)).toEqual(host);
         |                                                                                                                                                                                                                                                                                                                                                                          ^
      62 |  expect.soft(await child.evaluate(e=>e.hasAttribute('data-agent-ui-owned'))).toBe(false);await page.screenshot({path:path.join(out,'visual',scene+'-'+width+'-official-nesting.png'),fullPage:true});await page.keyboard.press('Escape');await expect(child).toBeHidden();await expect(page.getByTestId('official-dialog')).toBeFocused();row.status=test.info().errors.length?'FAIL':'PASS';
      63 | });
      64 |
        at /Users/yifei/Coding/AgentUICreator/apps/creator-workbench/tests/style-boundary-final.spec.ts:61:362

    attachment #1: screenshot (image/png) ──────────────────────────────────────────────────────────
    test-results/style-final/style-boundary-final-C-1440-Sidebar-and-official-nesting/test-failed-1.png
    ────────────────────────────────────────────────────────────────────────────────────────────────

    Error Context: test-results/style-final/style-boundary-final-C-1440-Sidebar-and-official-nesting/error-context.md

    Error Context: test-results/style-final/style-boundary-final-C-1440-Sidebar-and-official-nesting/error-context.md

  4) tests/style-boundary-final.spec.ts:57:64 › C 420 Sidebar and official nesting ─────────────────

    Error: expect(received).toEqual(expected) // deep equality

    - Expected  - 3
    + Received  + 3

    @@ -3,10 +3,10 @@
        "border-radius": "12px",
        "border-width": "1px",
        "box-sizing": "border-box",
        "color": "rgb(25, 33, 58)",
        "font-family": "Inter, system-ui, sans-serif",
    -   "font-size": "16px",
    -   "height": "36px",
    -   "line-height": "normal",
    +   "font-size": "14px",
    +   "height": "38px",
    +   "line-height": "20px",
        "padding": "8px 12px",
      }

      58 |  const row:any={scene,width,boundary:true,comparisons:[],errors:[]};rows.push(row);await page.setViewportSize({width,height:1000});await page.goto(url+`?scene=${scene}`);
      59 |  const outside=page.locator('[data-probes=host] [data-probe=input]');await expect(outside).toBeVisible();const host=await style(outside);
    > 60 |  await page.getByRole('button',{name:'备注',exact:true}).click();const sidebar=page.locator('[data-probes=sidebar] [data-probe=input]');await expect(sidebar).toBeVisible();row.comparisons.push({region:'sidebar',host,inside:await style(sidebar)});expect.soft(await style(sidebar)).toEqual(host);
         |                                                                                                                                                                                                                                                                                       ^
      61 |  if(width===420){await page.keyboard.press('Escape');await expect(sidebar).toBeHidden();}await page.getByTestId('official-dialog').click();const child=page.locator('[data-probes=official-child] [data-probe=input]');await expect(child).toBeVisible();row.comparisons.push({region:'official-dialog',host,inside:await style(child)});expect.soft(await style(child)).toEqual(host);
      62 |  expect.soft(await child.evaluate(e=>e.hasAttribute('data-agent-ui-owned'))).toBe(false);await page.screenshot({path:path.join(out,'visual',scene+'-'+width+'-official-nesting.png'),fullPage:true});await page.keyboard.press('Escape');await expect(child).toBeHidden();await expect(page.getByTestId('official-dialog')).toBeFocused();row.status=test.info().errors.length?'FAIL':'PASS';
      63 | });
        at /Users/yifei/Coding/AgentUICreator/apps/creator-workbench/tests/style-boundary-final.spec.ts:60:279

    Error: expect(received).toEqual(expected) // deep equality

    - Expected  - 3
    + Received  + 3

    @@ -3,10 +3,10 @@
        "border-radius": "12px",
        "border-width": "1px",
        "box-sizing": "border-box",
        "color": "rgb(25, 33, 58)",
        "font-family": "Inter, system-ui, sans-serif",
    -   "font-size": "16px",
    -   "height": "36px",
    -   "line-height": "normal",
    +   "font-size": "14px",
    +   "height": "38px",
    +   "line-height": "20px",
        "padding": "8px 12px",
      }

      59 |  const outside=page.locator('[data-probes=host] [data-probe=input]');await expect(outside).toBeVisible();const host=await style(outside);
      60 |  await page.getByRole('button',{name:'备注',exact:true}).click();const sidebar=page.locator('[data-probes=sidebar] [data-probe=input]');await expect(sidebar).toBeVisible();row.comparisons.push({region:'sidebar',host,inside:await style(sidebar)});expect.soft(await style(sidebar)).toEqual(host);
    > 61 |  if(width===420){await page.keyboard.press('Escape');await expect(sidebar).toBeHidden();}await page.getByTestId('official-dialog').click();const child=page.locator('[data-probes=official-child] [data-probe=input]');await expect(child).toBeVisible();row.comparisons.push({region:'official-dialog',host,inside:await style(child)});expect.soft(await style(child)).toEqual(host);
         |                                                                                                                                                                                                                                                                                                                                                                          ^
      62 |  expect.soft(await child.evaluate(e=>e.hasAttribute('data-agent-ui-owned'))).toBe(false);await page.screenshot({path:path.join(out,'visual',scene+'-'+width+'-official-nesting.png'),fullPage:true});await page.keyboard.press('Escape');await expect(child).toBeHidden();await expect(page.getByTestId('official-dialog')).toBeFocused();row.status=test.info().errors.length?'FAIL':'PASS';
      63 | });
      64 |
        at /Users/yifei/Coding/AgentUICreator/apps/creator-workbench/tests/style-boundary-final.spec.ts:61:362

    attachment #1: screenshot (image/png) ──────────────────────────────────────────────────────────
    test-results/style-final/style-boundary-final-C-420-Sidebar-and-official-nesting/test-failed-1.png
    ────────────────────────────────────────────────────────────────────────────────────────────────

    Error Context: test-results/style-final/style-boundary-final-C-420-Sidebar-and-official-nesting/error-context.md

    Error Context: test-results/style-final/style-boundary-final-C-420-Sidebar-and-official-nesting/error-context.md

  4 failed
    tests/style-boundary-final.spec.ts:57:64 › A 1440 Sidebar and official nesting ─────────────────
    tests/style-boundary-final.spec.ts:57:64 › A 420 Sidebar and official nesting ──────────────────
    tests/style-boundary-final.spec.ts:57:64 › C 1440 Sidebar and official nesting ─────────────────
    tests/style-boundary-final.spec.ts:57:64 › C 420 Sidebar and official nesting ──────────────────
  2 passed (17.0s)
undefined
/Users/yifei/Coding/AgentUICreator/apps/creator-workbench:
[ERR_PNPM_RECURSIVE_EXEC_FIRST_FAIL] Command failed with exit code 1: playwright test -c playwright.style-final.config.ts -g 'Sidebar and official nesting'
