
Running 8 tests using 1 worker

(node:50818) Warning: The 'NO_COLOR' env is ignored due to the 'FORCE_COLOR' env being set.
(Use `node --trace-warnings ...` to show where the warning was created)
4:33:10 PM [vite] (client) dependencies optimized: @base-ui/react/button, @base-ui/react/input, @base-ui/react/separator
4:33:10 PM [vite] (client) optimized dependencies changed. reloading
4:33:10 PM [vite] (client) [console.error] Invalid hook call. Hooks can only be called inside of the body of a function component. This could happen for one of the following reasons:
1. You might have mismatching versions of React and the renderer (such as React DOM)
2. You might be breaking the Rules of Hooks
3. You might have more than one copy of React in the same app
See https://react.dev/link/invalid-hook-call for tips about how to debug and fix this problem.
4:33:10 PM [vite] (client) [console.error] Invalid hook call. Hooks can only be called inside of the body of a function component. This could happen for one of the following reasons:
1. You might have mismatching versions of React and the renderer (such as React DOM)
2. You might be breaking the Rules of Hooks
3. You might have more than one copy of React in the same app
See https://react.dev/link/invalid-hook-call for tips about how to debug and fix this problem.
4:33:10 PM [vite] (client) [Unhandled error] TypeError: Cannot read properties of null (reading 'useRef')
 > exports.useRef ../../../node_modules/.pnpm/react@19.3.0/node_modules/react/cjs/react.development.js:1306:33
 > useButton ../../../node_modules/.pnpm/@base-ui+react@1.8.0_@types+react@19.3.0_react-dom@19.3.0_react@19.3.0__react@19.3.0/node_modules/@base-ui/react/internals/use-button/useButton.mjs:21:27
 > Button .vite/deps/@base-ui_react_button.js?v=cea06149:13:40
 > Object.react_stack_bottom_frame .vite/deps/react-dom_client.js?v=d99f0516:14142:12
 > renderWithHooks .vite/deps/react-dom_client.js?v=d99f0516:4400:19
 > updateForwardRef .vite/deps/react-dom_client.js?v=d99f0516:5597:16
 > beginWork .vite/deps/react-dom_client.js?v=d99f0516:6455:21
 > runWithFiberInDEV .vite/deps/react-dom_client.js?v=d99f0516:944:66
 > performUnitOfWork .vite/deps/react-dom_client.js?v=d99f0516:9148:92
 > workLoopSync .vite/deps/react-dom_client.js?v=d99f0516:9044:37

4:33:10 PM [vite] (client) [console.warn] An error occurred in the <Button> component.

Consider adding an error boundary to your tree to customize error handling behavior.
Visit https://react.dev/link/error-boundaries to learn more about error boundaries.

  ✘  1 tests/style-boundary-visual.spec.ts:48:76 › after 1440 light (31.8s)
(node:50902) Warning: The 'NO_COLOR' env is ignored due to the 'FORCE_COLOR' env being set.
(Use `node --trace-warnings ...` to show where the warning was created)
4:33:44 PM [vite] (client) [console.error] Warning: [antd: compatible] antd v5 support React is 16 ~ 18. see https://u.ant.design/v5-for-19 for compatible.
  ✓  2 tests/style-boundary-visual.spec.ts:48:76 › after 1440 dark (4.6s)
4:33:48 PM [vite] (client) [console.error] Warning: [antd: compatible] antd v5 support React is 16 ~ 18. see https://u.ant.design/v5-for-19 for compatible.
  ✓  3 tests/style-boundary-visual.spec.ts:48:76 › after 1440 violet (3.5s)
4:33:51 PM [vite] (client) [console.error] Warning: [antd: compatible] antd v5 support React is 16 ~ 18. see https://u.ant.design/v5-for-19 for compatible.
  ✓  4 tests/style-boundary-visual.spec.ts:48:76 › after 420 light (3.5s)
4:33:55 PM [vite] (client) [console.error] Warning: [antd: compatible] antd v5 support React is 16 ~ 18. see https://u.ant.design/v5-for-19 for compatible.
  ✓  5 tests/style-boundary-visual.spec.ts:48:76 › after 420 dark (3.6s)
4:33:58 PM [vite] (client) [console.error] Warning: [antd: compatible] antd v5 support React is 16 ~ 18. see https://u.ant.design/v5-for-19 for compatible.
  ✓  6 tests/style-boundary-visual.spec.ts:48:76 › after 420 violet (3.5s)
  ✓  7 tests/style-boundary-visual.spec.ts:84:1 › records inherited typography separately from direct Reset isolation (420ms)
  ✓  8 tests/style-boundary-visual.spec.ts:101:1 › narrow Sidebar menu stays in its local overlay layer (744ms)


  1) tests/style-boundary-visual.spec.ts:48:76 › after 1440 light ──────────────────────────────────

    Error: expect(locator).toBeVisible() failed

    Locator: locator('[data-slot=tool-call] button').first()
    Expected: visible
    Timeout: 30000ms
    Error: element(s) not found

    Call log:
      - Expect "toBeVisible" locator('[data-slot=tool-call] button').first() with timeout 30000ms
      - waiting for locator('[data-slot=tool-call] button').first()


      50 |   const prefix=phase+'-'+width+'-'+theme;const states:Record<string,any>={};
      51 |   const shot=async(name:string)=>{if(name==='menu')await page.waitForTimeout(250);return page.screenshot({path:path.join(evidence,'screenshots',prefix+'-'+name+'.png'),fullPage:true});};
    > 52 |   const tool=page.locator('[data-slot=tool-call] button').first();await expect(tool).toBeVisible({ timeout: 30_000 });
         |                                                                                      ^
      53 |   states.toolDefault=await styles(tool);states.toolRules=await matched(page,'[data-slot=tool-call] button');await shot('default');
      54 |   if(phase==='after')await expect(tool).toHaveCSS('border-top-width','0px');
      55 |   await tool.click();await expect(tool).toHaveAttribute('aria-expanded','true');states.toolClick=await styles(tool);await shot('tool-open');await tool.click();await expect(tool).toHaveAttribute('aria-expanded','false');
        at /Users/yifei/Coding/AgentUICreator/apps/creator-workbench/tests/style-boundary-visual.spec.ts:52:86

    attachment #1: screenshot (image/png) ──────────────────────────────────────────────────────────
    test-results/style-boundary/style-boundary-visual-after-1440-light/test-failed-1.png
    ────────────────────────────────────────────────────────────────────────────────────────────────

    Error Context: test-results/style-boundary/style-boundary-visual-after-1440-light/error-context.md

    Error Context: test-results/style-boundary/style-boundary-visual-after-1440-light/error-context.md

  1 failed
    tests/style-boundary-visual.spec.ts:48:76 › after 1440 light ───────────────────────────────────
  7 passed (53.0s)
undefined
/Users/yifei/Coding/AgentUICreator/apps/creator-workbench:
[ERR_PNPM_RECURSIVE_EXEC_FIRST_FAIL] Command failed with exit code 1: playwright test -c playwright.style-boundary.config.ts
