(!) Your Vite config uses features that are unsupported by `configLoader: 'native'`, which is planned to become the default in a future major version of Vite:
  - import "./vite-runtime-aliases" without a file extension (../../../private/tmp/plugin-style-final-hosts/A/vite.config.ts:5:32). Add the file extension
Set `VITE_CONFIG_NATIVE_IGNORE_WARNING=true` to suppress this warning.
4:21:53 PM [vite] (client) [optimizer] bundling dependencies...
(!) Your Vite config uses features that are unsupported by `configLoader: 'native'`, which is planned to become the default in a future major version of Vite:
  - import "./vite-runtime-aliases" without a file extension (../../../private/tmp/plugin-style-final-hosts/B/vite.config.ts:5:32). Add the file extension
Set `VITE_CONFIG_NATIVE_IGNORE_WARNING=true` to suppress this warning.
4:22:38 PM [vite] (client) [optimizer] bundling dependencies...
4:22:48 PM [vite] (client) [console.error] Warning: [antd: compatible] antd v5 support React is 16 ~ 18. see https://u.ant.design/v5-for-19 for compatible.
4:22:53 PM [vite] (client) [console.error] Warning: [antd: compatible] antd v5 support React is 16 ~ 18. see https://u.ant.design/v5-for-19 for compatible.
4:22:57 PM [vite] (client) [console.error] Warning: [antd: compatible] antd v5 support React is 16 ~ 18. see https://u.ant.design/v5-for-19 for compatible.
4:23:02 PM [vite] (client) [console.error] Warning: [antd: compatible] antd v5 support React is 16 ~ 18. see https://u.ant.design/v5-for-19 for compatible.
4:23:07 PM [vite] (client) [console.error] Warning: [antd: compatible] antd v5 support React is 16 ~ 18. see https://u.ant.design/v5-for-19 for compatible.
4:23:12 PM [vite] (client) [console.error] Warning: [antd: compatible] antd v5 support React is 16 ~ 18. see https://u.ant.design/v5-for-19 for compatible.
4:23:16 PM [vite] (client) [console.error] Warning: [antd: compatible] antd v5 support React is 16 ~ 18. see https://u.ant.design/v5-for-19 for compatible.
4:23:22 PM [vite] (client) [console.error] Warning: [antd: compatible] antd v5 support React is 16 ~ 18. see https://u.ant.design/v5-for-19 for compatible.
(!) Your Vite config uses features that are unsupported by `configLoader: 'native'`, which is planned to become the default in a future major version of Vite:
  - import "./vite-runtime-aliases" without a file extension (../../../private/tmp/plugin-style-final-hosts/C/vite.config.ts:5:32). Add the file extension
Set `VITE_CONFIG_NATIVE_IGNORE_WARNING=true` to suppress this warning.
4:23:38 PM [vite] (client) [optimizer] bundling dependencies...
