$ pnpm prepare:shell && tsc --noEmit && vite build && vite build --config vite.host.config.ts && tsc -p tsconfig.types.json && node scripts/finish-build.mjs
$ node scripts/prepare-shell.mjs
$ tsc -p tsconfig.build.json
$ tsc -p tsconfig.build.json && node scripts/copy-assets.mjs && node scripts/check-public-boundary.mjs && node scripts/check-lexical-boundary.mjs
@agent-ui/react public declaration boundary: OK (7 declarations)
Lexical optional facade and Source Plugin boundaries: OK
$ tsc -p tsconfig.build.json && node scripts/copy-assets.mjs && node scripts/check-public-boundary.mjs && node scripts/check-consumer-types.mjs
@agent-ui/runtime-conversation public declaration boundary: OK (9 reachable declarations)
file:///Users/yifei/Coding/AgentUICreator/packages/runtime-conversation/scripts/check-consumer-types.mjs:24
  if (exitCode !== 0) throw new Error(output.trim() || `${command} exited with code ${exitCode}`);
                            ^

Error: Progress: resolved 1, reused 0, downloaded 0, added 0
Progress: resolved 232, reused 231, downloaded 1, added 0
[ERR_PNPM_BROKEN_METADATA_JSON] The operation was aborted due to timeout

This error happened while installing a direct dependency of /private/var/folders/bl/0_1mpzdj25sf3c0vh6qmc3qc0000gn/T/runtime-conversation-consumer-OyXB0y
    at run (file:///Users/yifei/Coding/AgentUICreator/packages/runtime-conversation/scripts/check-consumer-types.mjs:24:29)
    at process.processTicksAndRejections (node:internal/process/task_queues:104:5)
    at async file:///Users/yifei/Coding/AgentUICreator/packages/runtime-conversation/scripts/check-consumer-types.mjs:52:3

Node.js v24.20.0
/Users/yifei/Coding/AgentUICreator/packages/runtime-conversation:
[ERR_PNPM_RECURSIVE_RUN_FIRST_FAIL] @agent-ui/runtime-conversation@0.1.0 build: `tsc -p tsconfig.build.json && node scripts/copy-assets.mjs && node scripts/check-public-boundary.mjs && node scripts/check-consumer-types.mjs`
Exit status 1
file:///Users/yifei/Coding/AgentUICreator/scripts/prepare-host-packages.mjs:13
    if (result.status !== 0) throw new Error(`Host package preparation failed: @agent-ui/${name}`);
                                   ^

Error: Host package preparation failed: @agent-ui/runtime-conversation
    at prepareHostPackages (file:///Users/yifei/Coding/AgentUICreator/scripts/prepare-host-packages.mjs:13:36)
    at file:///Users/yifei/Coding/AgentUICreator/packages/web-component/scripts/prepare-shell.mjs:5:1
    at ModuleJob.run (node:internal/modules/esm/module_job:561:25)
    at async node:internal/modules/esm/loader:647:26
    at async asyncRunEntryPointWithESMLoader (node:internal/modules/run_main:101:5)

Node.js v24.20.0
[ELIFECYCLE] Command failed with exit code 1.
/Users/yifei/Coding/AgentUICreator/packages/web-component:
[ERR_PNPM_RECURSIVE_RUN_FIRST_FAIL] @agentui/web-component@0.1.0 build: `pnpm prepare:shell && tsc --noEmit && vite build && vite build --config vite.host.config.ts && tsc -p tsconfig.types.json && node scripts/finish-build.mjs`
Exit status 1
