{
  "same_failed_cases": true,
  "current_count": 40,
  "baseline_count": 40,
  "current_failed_cases": [
    "tests/migrated/app-ui-transaction.test.ts > AppUIModel transaction > commits the authoring model only after it compiles",
    "tests/migrated/app-ui-transaction.test.ts > AppUIModel transaction > removes an existing instance without rewriting the capability catalog",
    "tests/migrated/app-ui-transaction.test.ts > AppUIModel transaction > rejects generic removal of an application Headless Plugin",
    "tests/migrated/app-ui-transaction.test.ts > AppUIModel transaction > rejects generic default removal of an application Headless Plugin",
    "tests/migrated/app-ui-transaction.test.ts > AppUIModel transaction > rejects disabling an application Headless Plugin through generic mutation",
    "tests/migrated/app-ui-transaction.test.ts > AppUIModel transaction > rejects replacing an application Headless Plugin through generic mutation",
    "tests/migrated/app-ui-transaction.test.ts > AppUIModel transaction > removes a history panel in one mutation without catalog churn",
    "tests/migrated/app-ui-transaction.test.ts > AppUIModel transaction > reflows a dedicated history region without a follow-up Layout operation",
    "tests/migrated/app-ui-transaction.test.ts > AppUIModel transaction > productizes default removal with Host-owned reflow metadata",
    "tests/migrated/app-ui-transaction.test.ts > AppUIModel transaction > does not partially commit when deterministic reflow preconditions fail",
    "tests/migrated/app-ui-transaction.test.ts > AppUIModel transaction > writes a CompositionRevision before a model plus catalog transaction",
    "tests/migrated/app-ui-transaction.test.ts > AppUIModel transaction > lowers an authoring-default insertion into one deterministic visual region",
    "tests/migrated/app-ui-transaction.test.ts > AppUIModel transaction > caps both side tracks when a default insertion joins a narrow root Row",
    "tests/migrated/app-ui-transaction.test.ts > AppUIModel transaction > preserves an existing navigation rail when inserting a bounded side panel",
    "tests/migrated/app-ui-transaction.test.ts > AppUIModel transaction > lowers an authoring-default insertion when the anchor is a root Panel",
    "tests/migrated/app-ui-transaction.test.ts > AppUIModel transaction > lowers an authoring-default insertion when the anchor is a root Slot",
    "tests/migrated/app-ui-transaction.test.ts > AppUIModel transaction > preserves the current root Panel size over the anchor manifest recommendation",
    "tests/migrated/app-ui-transaction.test.ts > AppUIModel transaction > closes the Productized Remove to Add round-trip from the real canonical output",
    "tests/migrated/app-ui-transaction.test.ts > AppUIModel transaction > restores the Center-only Workspace after Productized Add then Remove",
    "tests/migrated/app-ui-transaction.test.ts > AppUIModel transaction > fails closed when a root anchor has no deterministic track size",
    "tests/migrated/app-ui-transaction.test.ts > AppUIModel transaction > fails closed when a root Slot is shared by multiple Plugins",
    "tests/migrated/app-ui-transaction.test.ts > AppUIModel transaction > fails closed when authoring-default placement is not available",
    "tests/migrated/app-ui-transaction.test.ts > AppUIModel transaction > fails closed when the authoring-default anchor is ambiguous",
    "tests/migrated/app-ui-transaction.test.ts > AppUIModel transaction > fails closed when an authoring-default Plugin has an unresolved required Service",
    "tests/migrated/app-ui-transaction.test.ts > AppUIModel transaction > fails closed when the authoring-default anchor is inside an unsupported Layout",
    "tests/migrated/app-ui-transaction.test.ts > AppUIModel transaction > strips transaction localRefs before writing AppUIModel",
    "tests/migrated/app-ui-transaction.test.ts > AppUIModel transaction > does not write a draft that fails deterministic compilation",
    "tests/migrated/app-ui-transaction.test.ts > AppUIModel transaction > does not apply a fabricated 560px container to unrelated three-column edits",
    "tests/migrated/app-ui-transaction.test.ts > AppUIModel transaction > rejects cancellation at the transaction commit boundary without changing the model",
    "tests/migrated/app-ui-transaction.test.ts > AppUIModel transaction > finishes an atomic transaction after cancellation arrives past the commit point",
    "tests/migrated/app-ui-transaction.test.ts > AppUIModel transaction > rejects a stale source hash before changing either transaction file",
    "tests/migrated/app-ui-transaction.test.ts > AppUIModel transaction > preserves source bytes for an already-satisfied semantic operation",
    "tests/migrated/app-ui-transaction.test.ts > AppUIModel transaction > reports a Layout Slot target for width incompatibility",
    "tests/migrated/app-ui-transaction.test.ts > AppUIModel transaction > reports a Plugin child Slot target for width incompatibility",
    "tests/migrated/app-ui-transaction.test.ts > AppUIModel transaction > does not let a semantic Plugin Slot move bypass width admission",
    "tests/migrated/app-ui-transaction.test.ts > AppUIModel transaction > uses the starting snapshot target for replace width errors",
    "tests/migrated/app-ui-transaction.test.ts > AppUIModel transaction > commits a deterministic relative Plugin move as one semantic transaction",
    "tests/migrated/app-ui-transaction.test.ts > AppUIModel transaction > lowers a Workspace Region Action through the Host private binding",
    "tests/migrated/app-ui-transaction.test.ts > AppUIModel transaction > commits a Plugin Slot move with manifest compatibility and dedicated cleanup",
    "tests/migrated/app-ui-transaction.test.ts > AppUIModel transaction > rejects an incompatible Plugin Slot move before changing either artifact"
  ],
  "baseline_failed_cases": [
    "tests/migrated/app-ui-transaction.test.ts > AppUIModel transaction > commits the authoring model only after it compiles",
    "tests/migrated/app-ui-transaction.test.ts > AppUIModel transaction > removes an existing instance without rewriting the capability catalog",
    "tests/migrated/app-ui-transaction.test.ts > AppUIModel transaction > rejects generic removal of an application Headless Plugin",
    "tests/migrated/app-ui-transaction.test.ts > AppUIModel transaction > rejects generic default removal of an application Headless Plugin",
    "tests/migrated/app-ui-transaction.test.ts > AppUIModel transaction > rejects disabling an application Headless Plugin through generic mutation",
    "tests/migrated/app-ui-transaction.test.ts > AppUIModel transaction > rejects replacing an application Headless Plugin through generic mutation",
    "tests/migrated/app-ui-transaction.test.ts > AppUIModel transaction > removes a history panel in one mutation without catalog churn",
    "tests/migrated/app-ui-transaction.test.ts > AppUIModel transaction > reflows a dedicated history region without a follow-up Layout operation",
    "tests/migrated/app-ui-transaction.test.ts > AppUIModel transaction > productizes default removal with Host-owned reflow metadata",
    "tests/migrated/app-ui-transaction.test.ts > AppUIModel transaction > does not partially commit when deterministic reflow preconditions fail",
    "tests/migrated/app-ui-transaction.test.ts > AppUIModel transaction > writes a CompositionRevision before a model plus catalog transaction",
    "tests/migrated/app-ui-transaction.test.ts > AppUIModel transaction > lowers an authoring-default insertion into one deterministic visual region",
    "tests/migrated/app-ui-transaction.test.ts > AppUIModel transaction > caps both side tracks when a default insertion joins a narrow root Row",
    "tests/migrated/app-ui-transaction.test.ts > AppUIModel transaction > preserves an existing navigation rail when inserting a bounded side panel",
    "tests/migrated/app-ui-transaction.test.ts > AppUIModel transaction > lowers an authoring-default insertion when the anchor is a root Panel",
    "tests/migrated/app-ui-transaction.test.ts > AppUIModel transaction > lowers an authoring-default insertion when the anchor is a root Slot",
    "tests/migrated/app-ui-transaction.test.ts > AppUIModel transaction > preserves the current root Panel size over the anchor manifest recommendation",
    "tests/migrated/app-ui-transaction.test.ts > AppUIModel transaction > closes the Productized Remove to Add round-trip from the real canonical output",
    "tests/migrated/app-ui-transaction.test.ts > AppUIModel transaction > restores the Center-only Workspace after Productized Add then Remove",
    "tests/migrated/app-ui-transaction.test.ts > AppUIModel transaction > fails closed when a root anchor has no deterministic track size",
    "tests/migrated/app-ui-transaction.test.ts > AppUIModel transaction > fails closed when a root Slot is shared by multiple Plugins",
    "tests/migrated/app-ui-transaction.test.ts > AppUIModel transaction > fails closed when authoring-default placement is not available",
    "tests/migrated/app-ui-transaction.test.ts > AppUIModel transaction > fails closed when the authoring-default anchor is ambiguous",
    "tests/migrated/app-ui-transaction.test.ts > AppUIModel transaction > fails closed when an authoring-default Plugin has an unresolved required Service",
    "tests/migrated/app-ui-transaction.test.ts > AppUIModel transaction > fails closed when the authoring-default anchor is inside an unsupported Layout",
    "tests/migrated/app-ui-transaction.test.ts > AppUIModel transaction > strips transaction localRefs before writing AppUIModel",
    "tests/migrated/app-ui-transaction.test.ts > AppUIModel transaction > does not write a draft that fails deterministic compilation",
    "tests/migrated/app-ui-transaction.test.ts > AppUIModel transaction > does not apply a fabricated 560px container to unrelated three-column edits",
    "tests/migrated/app-ui-transaction.test.ts > AppUIModel transaction > rejects cancellation at the transaction commit boundary without changing the model",
    "tests/migrated/app-ui-transaction.test.ts > AppUIModel transaction > finishes an atomic transaction after cancellation arrives past the commit point",
    "tests/migrated/app-ui-transaction.test.ts > AppUIModel transaction > rejects a stale source hash before changing either transaction file",
    "tests/migrated/app-ui-transaction.test.ts > AppUIModel transaction > preserves source bytes for an already-satisfied semantic operation",
    "tests/migrated/app-ui-transaction.test.ts > AppUIModel transaction > reports a Layout Slot target for width incompatibility",
    "tests/migrated/app-ui-transaction.test.ts > AppUIModel transaction > reports a Plugin child Slot target for width incompatibility",
    "tests/migrated/app-ui-transaction.test.ts > AppUIModel transaction > does not let a semantic Plugin Slot move bypass width admission",
    "tests/migrated/app-ui-transaction.test.ts > AppUIModel transaction > uses the starting snapshot target for replace width errors",
    "tests/migrated/app-ui-transaction.test.ts > AppUIModel transaction > commits a deterministic relative Plugin move as one semantic transaction",
    "tests/migrated/app-ui-transaction.test.ts > AppUIModel transaction > lowers a Workspace Region Action through the Host private binding",
    "tests/migrated/app-ui-transaction.test.ts > AppUIModel transaction > commits a Plugin Slot move with manifest compatibility and dedicated cleanup",
    "tests/migrated/app-ui-transaction.test.ts > AppUIModel transaction > rejects an incompatible Plugin Slot move before changing either artifact"
  ]
}
