[WARN] Your node_modules are out of sync with your lockfile. The workspace structure has changed since last install
$ node scripts/audit-ui-copy.mjs
{
  "parity": [
    {
      "owner": "creator",
      "locales": [
        "en-US",
        "zh-CN"
      ],
      "keys": 666
    },
    {
      "owner": "presentation",
      "locales": [
        "en-US",
        "zh-CN"
      ],
      "keys": 281
    },
    {
      "owner": "generated",
      "locales": [
        "en-US",
        "zh-CN"
      ],
      "keys": 358
    }
  ],
  "copyCandidates": 34,
  "duplicateValues": 15,
  "unusedCandidates": 53,
  "failures": []
}
